---
http_interactions:
- request:
    method: get
    uri: https://www.bingapis.com/api/v6/search?AppId=<BING_V6_APP_ID>&count=20&mkt=en-US&offset=0&q=no_results%20(site:nonsense.gov)&responseFilter=WebPages&safeSearch=moderate&textDecorations=false&traffictype=test
    body:
      encoding: US-ASCII
      string: ''
    headers:
      User-Agent:
      - USASearch
      Ocp-Apim-Subscription-Key:
      - my_api_key
      Accept-Encoding:
      - gzip;q=1.0,deflate;q=0.6,identity;q=0.3
      Accept:
      - "*/*"
      Connection:
      - keep-alive
      Keep-Alive:
      - '30'
  response:
    status:
      code: 200
      message: OK
    headers:
      Cache-Control:
      - private, max-age=0
      Content-Length:
      - '243'
      Content-Type:
      - application/json; charset=utf-8
      Expires:
      - Mon, 27 Aug 2018 00:03:37 GMT
      Vary:
      - Accept-Encoding
      P3p:
      - CP="NON UNI COM NAV STA LOC CURa DEVa PSAa PSDa OUR IND"
      Set-Cookie:
      - MUID=152522EC8A1769233C752EB48B186840; path=/; expires=Sat, 21-Sep-2019 00:04:37
        GMT; domain=bingapis.com
      - MUIDB=152522EC8A1769233C752EB48B186840; path=/; httponly; expires=Sat, 21-Sep-2019
        00:04:37 GMT
      - SRCHD=AF=NOFORM; domain=.bingapis.com; expires=Thu, 27-Aug-2020 00:04:37 GMT;
        path=/
      - SRCHUID=V=2&GUID=65C06AF5CA6B4770B60C8A2E5CD78F29&dmnchg=1; domain=.bingapis.com;
        expires=Thu, 27-Aug-2020 00:04:37 GMT; path=/
      - SRCHUSR=DOB=20180827; domain=.bingapis.com; expires=Thu, 27-Aug-2020 00:04:37
        GMT; path=/
      - _EDGE_S=mkt=en-us&F=1&SID=2D8C0013A35C64B509D60C4BA2536562; path=/; httponly;
        domain=bingapis.com
      - _EDGE_V=1; path=/; httponly; expires=Sat, 21-Sep-2019 00:04:37 GMT; domain=bingapis.com
      - _SS=SID=2D8C0013A35C64B509D60C4BA2536562; domain=.bingapis.com; path=/
      Bingapis-Traceid:
      - 6FB17AD6758B47148C5D995BFA43CA7D
      X-Msedge-Clientid:
      - 152522EC8A1769233C752EB48B186840
      X-Msapi-Userstate:
      - fc78
      Bingapis-Market:
      - en-US
      X-Msedge-Ref:
      - 'Ref A: 6FB17AD6758B47148C5D995BFA43CA7D Ref B: BAYEDGE0114 Ref C: 2018-08-27T00:04:37Z'
      Date:
      - Mon, 27 Aug 2018 00:04:36 GMT
    body:
      encoding: UTF-8
      string: '{"_type": "SearchResponse", "instrumentation": {"pingUrlBase": "https:\/\/www.bingapis.com\/api\/ping?IG=A9134CB938F942E1A08F72572F15F6CD&CID=152522EC8A1769233C752EB48B186840&ID=",
        "pageLoadPingUrl": "https:\/\/www.bingapis.com\/api\/ping\/pageload?IG=A9134CB938F942E1A08F72572F15F6CD&CID=152522EC8A1769233C752EB48B186840&Type=Event.CPT&DATA=0"},
        "rankingResponse": {}}'
  recorded_at: Mon, 27 Aug 2018 00:04:37 GMT
- request:
    method: get
    uri: https://api.cognitive.microsoft.com/bing/v7.0/search?count=20&mkt=en-US&offset=0&q=no_results%20(site:nonsense.gov)&responseFilter=WebPages&safeSearch=moderate&textDecorations=false&traffictype=test
    body:
      encoding: US-ASCII
      string: ''
    headers:
      User-Agent:
      - USASearch
      Ocp-Apim-Subscription-Key:
      - "<BING_V7_SUBSCRIPTION_ID>"
      Accept-Encoding:
      - gzip;q=1.0,deflate;q=0.6,identity;q=0.3
      Accept:
      - "*/*"
      Connection:
      - keep-alive
      Keep-Alive:
      - '30'
  response:
    status:
      code: 200
      message: OK
    headers:
      Cache-Control:
      - private, max-age=0
      Transfer-Encoding:
      - chunked
      Content-Type:
      - application/json; charset=utf-8
      Expires:
      - Tue, 05 Feb 2019 21:27:56 GMT
      Vary:
      - Accept-Encoding
      P3p:
      - CP="NON UNI COM NAV STA LOC CURa DEVa PSAa PSDa OUR IND"
      Bingapis-Traceid:
      - 60D65EC3060D4C74934302E9C7A06464
      Bingapis-Sessionid:
      - 0DEB9B9AEBF349B180F2831C420763B4
      X-Msedge-Clientid:
      - 0EE37BC677D86DD400C5773C76946C9E
      X-Msapi-Userstate:
      - a5d8
      Bingapis-Market:
      - en-US
      X-Search-Responseinfo:
      - InternalResponseTime=153,MSDatacenter=CO4
      X-Msedge-Ref:
      - 'Ref A: 60D65EC3060D4C74934302E9C7A06464 Ref B: BY3EDGE0109 Ref C: 2019-02-05T21:28:56Z'
      Apim-Request-Id:
      - 5d988bd6-8322-4c43-80b5-ac4ed995a809
      Strict-Transport-Security:
      - max-age=31536000; includeSubDomains; preload
      X-Content-Type-Options:
      - nosniff
      Date:
      - Tue, 05 Feb 2019 21:28:56 GMT
    body:
      encoding: UTF-8
      string: '{"_type": "SearchResponse", "queryContext": {"originalQuery": "no_results
        (site:nonsense.gov)"}, "rankingResponse": {}}'
  recorded_at: Tue, 05 Feb 2019 21:28:56 GMT
- request:
    method: get
    uri: https://api.bing.microsoft.com/v7.0/search?count=20&mkt=en-US&offset=0&q=no_results%20(site:nonsense.gov)&responseFilter=WebPages&safeSearch=moderate&textDecorations=false&traffictype=test
    body:
      encoding: US-ASCII
      string: ''
    headers:
      User-Agent:
      - USASearch
      Ocp-Apim-Subscription-Key:
      - "<BING_V7_WEB_SUBSCRIPTION_ID>"
      Accept-Encoding:
      - gzip;q=1.0,deflate;q=0.6,identity;q=0.3
      Accept:
      - "*/*"
      Connection:
      - keep-alive
      Keep-Alive:
      - '30'
  response:
    status:
      code: 200
      message: OK
    headers:
      Cache-Control:
      - private, max-age=0
      Transfer-Encoding:
      - chunked
      Content-Type:
      - application/json; charset=utf-8
      Expires:
      - Wed, 06 Oct 2021 10:37:52 GMT
      Vary:
      - Accept-Encoding
      P3p:
      - CP="NON UNI COM NAV STA LOC CURa DEVa PSAa PSDa OUR IND"
      X-Snr-Routing:
      - '1'
      Bingapis-Traceid:
      - 5BF0A3495AF0412ABAF8C415B1CED234
      Bingapis-Sessionid:
      - B95C2B83F54940DEA92D5723773DF66D
      X-Msedge-Clientid:
      - 01CA9795BF3161961330875DBECC6057
      X-Msapi-Userstate:
      - 56df
      Bingapis-Market:
      - en-US
      X-Search-Responseinfo:
      - InternalResponseTime=159,MSDatacenter=BN2B
      X-Cache:
      - CONFIG_NOCACHE
      X-Msedge-Ref:
      - 'Ref A: 5BF0A3495AF0412ABAF8C415B1CED234 Ref B: BLUEDGE0511 Ref C: 2021-10-06T10:38:52Z'
      Apim-Request-Id:
      - 7d8e4c29-86e2-47dc-a534-3bd17f9734fe
      Strict-Transport-Security:
      - max-age=31536000; includeSubDomains; preload
      X-Content-Type-Options:
      - nosniff
      Csp-Billing-Usage:
      - CognitiveServices.BingSearchV7.Transaction=1
      Date:
      - Wed, 06 Oct 2021 10:38:52 GMT
    body:
      encoding: UTF-8
      string: '{"_type": "SearchResponse", "queryContext": {"originalQuery": "no_results
        (site:nonsense.gov)"}, "rankingResponse": {}}'
  recorded_at: Wed, 06 Oct 2021 04:35:49 GMT
recorded_with: VCR 6.0.0
