---
http_interactions:
- request:
    method: get
    uri: https://www.bingapis.com/api/v6/search?AppId=<BING_V6_APP_ID>&count=20&mkt=en-US&offset=0&q=jobs%20(site:.gov)&responseFilter=WebPages,SpellSuggestions&safeSearch=moderate&textDecorations=true&traffictype=test
    body:
      encoding: US-ASCII
      string: ''
    headers:
      User-Agent:
      - USASearch
      Ocp-Apim-Subscription-Key:
      - "<BING_V6_APP_ID>"
      Accept-Encoding:
      - gzip;q=1.0,deflate;q=0.6,identity;q=0.3
      Accept:
      - "*/*"
      Connection:
      - keep-alive
      Keep-Alive:
      - '30'
  response:
    status:
      code: 200
      message: OK
    headers:
      Cache-Control:
      - private, max-age=0
      Content-Length:
      - '3618'
      Content-Type:
      - application/json; charset=utf-8
      Expires:
      - Thu, 22 Feb 2018 07:16:05 GMT
      Vary:
      - Accept-Encoding
      P3p:
      - CP="NON UNI COM NAV STA LOC CURa DEVa PSAa PSDa OUR IND"
      Set-Cookie:
      - MUID=33FC007A145860EF3BA80BE415BD61BF; path=/; expires=Tue, 19-Mar-2019 07:17:06
        GMT; domain=bingapis.com
      - MUIDB=33FC007A145860EF3BA80BE415BD61BF; path=/; httponly; expires=Tue, 19-Mar-2019
        07:17:06 GMT
      - SRCHD=AF=NOFORM; domain=.bingapis.com; expires=Sat, 22-Feb-2020 07:17:05 GMT;
        path=/
      - SRCHUID=V=2&GUID=C17E28350CB443E2AEDABAF52DDB1954&dmnchg=1; domain=.bingapis.com;
        expires=Sat, 22-Feb-2020 07:17:05 GMT; path=/
      - SRCHUSR=DOB=20180222; domain=.bingapis.com; expires=Sat, 22-Feb-2020 07:17:05
        GMT; path=/
      - _EDGE_S=mkt=en-us&F=1&SID=391F7549E9526BEF35927ED7E8B76A3B; path=/; httponly;
        domain=bingapis.com
      - _EDGE_V=1; path=/; httponly; expires=Tue, 19-Mar-2019 07:17:06 GMT; domain=bingapis.com
      - _SS=SID=391F7549E9526BEF35927ED7E8B76A3B; domain=.bingapis.com; path=/
      Bingapis-Traceid:
      - 519CE0D28AA240628879978FE642241C
      X-Msedge-Clientid:
      - 33FC007A145860EF3BA80BE415BD61BF
      X-Msapi-Userstate:
      - '1538'
      Bingapis-Market:
      - en-US
      X-Msedge-Ref:
      - 'Ref A: 519CE0D28AA240628879978FE642241C Ref B: SG2EDGE0906 Ref C: 2018-02-22T07:17:06Z'
      Date:
      - Thu, 22 Feb 2018 07:17:05 GMT
    body:
      encoding: UTF-8
      string: '{"_type": "SearchResponse", "instrumentation": {"pingUrlBase": "https:\/\/www.bingapis.com\/api\/ping?IG=BCB11514709E45CE97374BC1DC60E67F&CID=33FC007A145860EF3BA80BE415BD61BF&ID=",
        "pageLoadPingUrl": "https:\/\/www.bingapis.com\/api\/ping\/pageload?IG=BCB11514709E45CE97374BC1DC60E67F&CID=33FC007A145860EF3BA80BE415BD61BF&Type=Event.CPT&DATA=0"},
        "webPages": {"webSearchUrl": "https:\/\/www.bing.com\/search?q=jobs+(site%3a.gov)",
        "webSearchUrlPingSuffix": "DevEx,5505.1", "totalEstimatedMatches": 15000000,
        "value": [{"id": "https:\/\/www.bingapis.com\/api\/v6\/#WebPages.0", "name":
        "USAJOBS - The Federal Government''s Official Jobs Site", "url": "https:\/\/www.usajobs.gov\/",
        "urlPingSuffix": "DevEx,5099.1", "about": [{"name": "USAJobs"}, {"name": "USAJobs"}],
        "displayUrl": "https:\/\/www.usajobs.gov", "snippet": "USAJOBS is the Federal
        Government''s official one-stop source for Federal jobs and employment information.",
        "deepLinks": [{"name": "Sign In", "url": "http:\/\/my.usajobs.gov\/Applicant\/ProfileDashboard\/Home",
        "urlPingSuffix": "DevEx,5087.1"}, {"name": "Veterans", "url": "https:\/\/www.usajobs.gov\/Help\/working-in-government\/unique-hiring-paths\/veterans\/",
        "urlPingSuffix": "DevEx,5088.1"}, {"name": "Search Jobs", "url": "http:\/\/jobsearch.usajobs.gov\/",
        "urlPingSuffix": "DevEx,5089.1"}, {"name": "Students", "url": "https:\/\/www.usajobs.gov\/Help\/working-in-government\/unique-hiring-paths\/students\/",
        "urlPingSuffix": "DevEx,5090.1"}, {"name": "Create Account", "url": "https:\/\/login.usajobs.gov\/account\/Create",
        "urlPingSuffix": "DevEx,5091.1"}, {"name": "FBI", "url": "https:\/\/fbi.usajobs.gov\/",
        "urlPingSuffix": "DevEx,5092.1"}], "dateLastCrawled": "2018-02-15T01:46:00.0000000Z"},
        {"id": "https:\/\/www.bingapis.com\/api\/v6\/#WebPages.1", "name": "SPD:
        Home", "url": "http:\/\/www.jobs.in.gov\/", "urlPingSuffix": "DevEx,5114.1",
        "about": [{"name": "Louisiana"}], "displayUrl": "www.jobs.in.gov", "snippet":
        "Search for jobs with Indiana State Government; Learn more about working
        for the state of Indiana; View my current benefits summary; Ask SPD a question
        related to my ...", "dateLastCrawled": "2018-02-12T22:52:00.0000000Z"}, {"id":
        "https:\/\/www.bingapis.com\/api\/v6\/#WebPages.2", "name": "Jobs - Federal
        Aviation Administration (FAA)", "url": "https:\/\/www.faa.gov\/jobs\/", "urlPingSuffix":
        "DevEx,5138.1", "about": [{"name": "Federal Aviation Administration"}], "displayUrl":
        "https:\/\/www.faa.gov\/jobs", "snippet": "Take control of your career.
        The FAA has many opportunities for you to contribute to our safe and efficient
        skies. Below is a sample of possible career fields:", "dateLastCrawled": "2018-02-15T16:45:00.0000000Z"},
        {"id": "https:\/\/www.bingapis.com\/api\/v6\/#WebPages.3", "name": "Jobs
        and Career Information | USAGov", "url": "https:\/\/www.usa.gov\/jobs-careers",
        "urlPingSuffix": "DevEx,5156.1", "displayUrl": "https:\/\/www.usa.gov\/jobs-careers",
        "snippet": "Jobs and Career Information. Find information about different
        career fields. Animal Care and Science. Find career information about animal
        science and care.", "dateLastCrawled": "2018-02-10T11:32:00.0000000Z"}, {"id":
        "https:\/\/www.bingapis.com\/api\/v6\/#WebPages.4", "name": "Jobs Home |
        City of New York", "url": "http:\/\/www1.nyc.gov\/jobs\/index.page", "urlPingSuffix":
        "DevEx,5171.1", "about": [{"name": "New York"}], "displayUrl": "www1.nyc.gov\/jobs\/index.page",
        "snippet": "Every day, the City''s 325,000 employees serve millions of residents
        and visitors. They improve infrastructure, provide important social services,
        and make the city safer.", "dateLastCrawled": "2018-02-15T20:08:00.0000000Z"},
        {"id": "https:\/\/www.bingapis.com\/api\/v6\/#WebPages.5", "name": "jobs.utah.gov
        - Department of Workforce Services", "url": "https:\/\/jobs.utah.gov\/", "urlPingSuffix":
        "DevEx,5184.1", "displayUrl": "https:\/\/jobs.utah.gov", "snippet": "Find
        Your New Job. Workforce Services has jobs in over 23 career fields in Utah.
        Start searching for your new job today.", "dateLastCrawled": "2018-02-16T23:37:00.0000000Z"},
        {"id": "https:\/\/www.bingapis.com\/api\/v6\/#WebPages.6", "name": "State
        of California Jobs - CalCareers", "url": "http:\/\/www.jobs.ca.gov\/",
        "urlPingSuffix": "DevEx,5199.1", "about": [{"name": "California"}], "displayUrl":
        "www.jobs.ca.gov", "snippet": "The State of California offers a wide variety
        of careers and jobs, ranging from accounting to zoology. The services our
        employees provide are truly ...", "dateLastCrawled": "2018-02-15T22:13:00.0000000Z"},
        {"id": "https:\/\/www.bingapis.com\/api\/v6\/#WebPages.7", "name": "Phila.gov
        | Human Resources | Jobs", "url": "http:\/\/www.phila.gov\/personnel\/Jobs.html",
        "urlPingSuffix": "DevEx,5213.1", "displayUrl": "www.phila.gov\/personnel\/Jobs.html",
        "snippet": "Job Interest » Job Opportunities » In order to be hired for a
        Civil Service job, you must apply, take and pass a test, and rank high enough
        to be called in for an ...", "dateLastCrawled": "2018-02-10T21:01:00.0000000Z"},
        {"id": "https:\/\/www.bingapis.com\/api\/v6\/#WebPages.8", "name": "Jobs
        | Topics", "url": "https:\/\/www.fairfaxcounty.gov\/topics\/jobs", "urlPingSuffix":
        "DevEx,5224.1", "about": [{"name": "Fairfax County"}], "displayUrl": "https:\/\/www.fairfaxcounty.gov\/topics\/jobs",
        "snippet": "Fairfax County, Virginia - Look and apply for a job with Fairfax
        Count Government. Serve your community as a public servant in many ways.",
        "dateLastCrawled": "2018-02-14T21:02:00.0000000Z"}, {"id": "https:\/\/www.bingapis.com\/api\/v6\/#WebPages.9",
        "name": "Exciting Career Opportunities - Jobs - California Public ...",
        "url": "http:\/\/www.cpuc.ca.gov\/jobs\/", "urlPingSuffix": "DevEx,5239.1",
        "about": [{"name": "California Public Utilities Commission"}], "displayUrl":
        "www.cpuc.ca.gov\/jobs", "snippet": "Exciting Career Opportunities. The
        CPUC is hiring! The CPUC is currently hiring for a variety of positions. We
        welcome qualified candidates to join our diverse team ...", "dateLastCrawled":
        "2018-02-12T21:26:00.0000000Z"}, {"id": "https:\/\/www.bingapis.com\/api\/v6\/#WebPages.10",
        "name": "Jobs | WA - DNR", "url": "https:\/\/www.dnr.wa.gov\/employment\/jobs",
        "urlPingSuffix": "DevEx,5254.1", "about": [{"name": "Washington State Department
        of Natural Resources"}], "displayUrl": "https:\/\/www.dnr.wa.gov\/employment\/jobs",
        "snippet": "LOOK FOR JOBS To see all of our current DNR job vacancies click
        on “Apply Search” at the bottom of the page without making any selections
        in the search categories.", "dateLastCrawled": "2018-02-11T07:27:00.0000000Z"},
        {"id": "https:\/\/www.bingapis.com\/api\/v6\/#WebPages.11", "name": "NC.gov:
        Jobs", "url": "https:\/\/www.nc.gov\/jobs", "urlPingSuffix": "DevEx,5269.1",
        "about": [{"name": "North Carolina"}], "displayUrl": "https:\/\/www.nc.gov\/jobs",
        "snippet": "Careers within the State of North Carolina include public safety,
        education, transportation, and health care. State employees located in each
        one of the 100 counties ...", "dateLastCrawled": "2018-02-12T10:21:00.0000000Z"},
        {"id": "https:\/\/www.bingapis.com\/api\/v6\/#WebPages.12", "name": "CalCareers
        - CA Jobs", "url": "https:\/\/jobs.ca.gov\/CalHRPublic\/Search\/JobSearchResults.aspx",
        "urlPingSuffix": "DevEx,5283.1", "displayUrl": "https:\/\/jobs.ca.gov\/CalHRPublic\/Search\/JobSearchResults.aspx",
        "snippet": "Job Search Results Advanced Job Search Geographical Job Search
        Exam \/ Assessment Search Keyword Search: Use Exact Word Match. Search. Filters
        ...", "dateLastCrawled": "2018-02-13T12:01:00.0000000Z"}, {"id": "https:\/\/www.bingapis.com\/api\/v6\/#WebPages.13",
        "name": "Current Jobs at Caltrans - Vacancy Information", "url": "http:\/\/www.dot.ca.gov\/jobs\/vacancy.html",
        "urlPingSuffix": "DevEx,5297.1", "displayUrl": "www.dot.ca.gov\/jobs\/vacancy.html",
        "snippet": "Alpha listing by job title of all current Caltrans jobs advertised
        through the Department of Human Resources. California State Jobs.", "dateLastCrawled":
        "2018-02-15T06:43:00.0000000Z"}, {"id": "https:\/\/www.bingapis.com\/api\/v6\/#WebPages.14",
        "name": "PNNL: Jobs", "url": "https:\/\/jobs.pnnl.gov\/", "urlPingSuffix":
        "DevEx,5312.1", "about": [{"name": "Pacific Northwest National Laboratory"}],
        "displayUrl": "https:\/\/jobs.pnnl.gov", "snippet": "Find Jobs. Browse
        a list of our current job openings. Create an applicant profile and upload
        a resumé. Sign up to receive email notices for new job openings.", "dateLastCrawled":
        "2018-02-15T02:18:00.0000000Z"}, {"id": "https:\/\/www.bingapis.com\/api\/v6\/#WebPages.15",
        "name": "Search Results | IN.gov", "url": "http:\/\/www.in.gov\/core\/results.html?q=jobs&site=default_collection&client=coreSAYT_Frontend&proxyreload=1&getfields=*&output=xml_no_dtd&start=0&num=100",
        "urlPingSuffix": "DevEx,5325.1", "displayUrl": "www.in.gov\/core\/results.html?q=jobs&site=default_collection&client=...",
        "snippet": "IndianaCareerConnect.com is the #1 source of jobs in Indiana.
        ... Frequent Results for License. Licensing.IN.gov", "dateLastCrawled":
        "2018-01-31T15:24:00.0000000Z"}, {"id": "https:\/\/www.bingapis.com\/api\/v6\/#WebPages.16",
        "name": "Jobs | City of Mesa", "url": "http:\/\/www.mesaaz.gov\/about-us\/jobs",
        "urlPingSuffix": "DevEx,5339.1", "about": [{"name": "Mesa"}], "displayUrl":
        "www.mesaaz.gov\/about-us\/jobs", "snippet": "To apply online and advance
        to Career Opportunities read the Employee Values and click the \"I Agree\"
        button below. By doing so you are committing to uphold and ...", "dateLastCrawled":
        "2018-02-12T17:55:00.0000000Z"}, {"id": "https:\/\/www.bingapis.com\/api\/v6\/#WebPages.17",
        "name": "Jobs & Careers at TPWD - Texas Parks & Wildlife Department",
        "url": "https:\/\/tpwd.texas.gov\/jobs\/", "urlPingSuffix": "DevEx,5354.1",
        "about": [{"name": "Texas Parks and Wildlife Department"}], "displayUrl":
        "https:\/\/tpwd.texas.gov\/jobs", "snippet": "We are TPWD. Providing outdoor
        recreational opportunities, managing and protecting fish and wildlife habitat,
        and managing parklands and historic areas", "dateLastCrawled": "2018-02-12T05:17:00.0000000Z"},
        {"id": "https:\/\/www.bingapis.com\/api\/v6\/#WebPages.18", "name": "City
        of Houston Careers", "url": "http:\/\/www.houstontx.gov\/hr\/careers.html",
        "urlPingSuffix": "DevEx,5369.1", "about": [{"name": "Houston"}], "displayUrl":
        "www.houstontx.gov\/hr\/careers.html", "snippet": "The City of Houston can’t
        function without great employees. We’re always on the lookout for talented,
        caring people to join us. Employment with City of Houston ...", "dateLastCrawled":
        "2018-02-12T21:20:00.0000000Z"}, {"id": "https:\/\/www.bingapis.com\/api\/v6\/#WebPages.19",
        "name": "Careers.ohio.gov", "url": "http:\/\/careers.ohio.gov\/", "urlPingSuffix":
        "DevEx,5383.1", "displayUrl": "careers.ohio.gov", "snippet": "The State
        of Ohio offers a wide range of career opportunities. A career in public service
        is an honorable choice. The work we do impacts the lives of the people in
        Ohio.", "dateLastCrawled": "2018-02-08T17:10:00.0000000Z"}]}, "rankingResponse":
        {"mainline": {"items": [{"answerType": "WebPages", "resultIndex": 0, "value":
        {"id": "https:\/\/www.bingapis.com\/api\/v6\/#WebPages.0"}}, {"answerType":
        "WebPages", "resultIndex": 1, "value": {"id": "https:\/\/www.bingapis.com\/api\/v6\/#WebPages.1"}},
        {"answerType": "WebPages", "resultIndex": 2, "value": {"id": "https:\/\/www.bingapis.com\/api\/v6\/#WebPages.2"}},
        {"answerType": "WebPages", "resultIndex": 3, "value": {"id": "https:\/\/www.bingapis.com\/api\/v6\/#WebPages.3"}},
        {"answerType": "WebPages", "resultIndex": 4, "value": {"id": "https:\/\/www.bingapis.com\/api\/v6\/#WebPages.4"}},
        {"answerType": "WebPages", "resultIndex": 5, "value": {"id": "https:\/\/www.bingapis.com\/api\/v6\/#WebPages.5"}},
        {"answerType": "WebPages", "resultIndex": 6, "value": {"id": "https:\/\/www.bingapis.com\/api\/v6\/#WebPages.6"}},
        {"answerType": "WebPages", "resultIndex": 7, "value": {"id": "https:\/\/www.bingapis.com\/api\/v6\/#WebPages.7"}},
        {"answerType": "WebPages", "resultIndex": 8, "value": {"id": "https:\/\/www.bingapis.com\/api\/v6\/#WebPages.8"}},
        {"answerType": "WebPages", "resultIndex": 9, "value": {"id": "https:\/\/www.bingapis.com\/api\/v6\/#WebPages.9"}},
        {"answerType": "WebPages", "resultIndex": 10, "value": {"id": "https:\/\/www.bingapis.com\/api\/v6\/#WebPages.10"}},
        {"answerType": "WebPages", "resultIndex": 11, "value": {"id": "https:\/\/www.bingapis.com\/api\/v6\/#WebPages.11"}},
        {"answerType": "WebPages", "resultIndex": 12, "value": {"id": "https:\/\/www.bingapis.com\/api\/v6\/#WebPages.12"}},
        {"answerType": "WebPages", "resultIndex": 13, "value": {"id": "https:\/\/www.bingapis.com\/api\/v6\/#WebPages.13"}},
        {"answerType": "WebPages", "resultIndex": 14, "value": {"id": "https:\/\/www.bingapis.com\/api\/v6\/#WebPages.14"}},
        {"answerType": "WebPages", "resultIndex": 15, "value": {"id": "https:\/\/www.bingapis.com\/api\/v6\/#WebPages.15"}},
        {"answerType": "WebPages", "resultIndex": 16, "value": {"id": "https:\/\/www.bingapis.com\/api\/v6\/#WebPages.16"}},
        {"answerType": "WebPages", "resultIndex": 17, "value": {"id": "https:\/\/www.bingapis.com\/api\/v6\/#WebPages.17"}},
        {"answerType": "WebPages", "resultIndex": 18, "value": {"id": "https:\/\/www.bingapis.com\/api\/v6\/#WebPages.18"}},
        {"answerType": "WebPages", "resultIndex": 19, "value": {"id": "https:\/\/www.bingapis.com\/api\/v6\/#WebPages.19"}}]}}}'
    http_version: 
  recorded_at: Thu, 22 Feb 2018 07:17:06 GMT
- request:
    method: get
    uri: https://www.bingapis.com/api/v6/search?AppId=<BING_V6_APP_ID>&count=20&mkt=en-US&offset=0&q=jobs%20(site:.gov)&responseFilter=WebPages,SpellSuggestions&safeSearch=moderate&textDecorations=true&traffictype=test
    body:
      encoding: US-ASCII
      string: ''
    headers:
      User-Agent:
      - USASearch
      Ocp-Apim-Subscription-Key:
      - "<BING_V6_APP_ID>"
      Accept-Encoding:
      - gzip;q=1.0,deflate;q=0.6,identity;q=0.3
      Accept:
      - "*/*"
      Connection:
      - keep-alive
      Keep-Alive:
      - '30'
  response:
    status:
      code: 200
      message: OK
    headers:
      Cache-Control:
      - private, max-age=0
      Content-Length:
      - '3620'
      Content-Type:
      - application/json; charset=utf-8
      Expires:
      - Thu, 22 Feb 2018 07:16:06 GMT
      Vary:
      - Accept-Encoding
      P3p:
      - CP="NON UNI COM NAV STA LOC CURa DEVa PSAa PSDa OUR IND"
      Set-Cookie:
      - MUID=33B4A420CF19638D1AAEAFBECEFC62DB; path=/; expires=Tue, 19-Mar-2019 07:17:06
        GMT; domain=bingapis.com
      - MUIDB=33B4A420CF19638D1AAEAFBECEFC62DB; path=/; httponly; expires=Tue, 19-Mar-2019
        07:17:06 GMT
      - SRCHD=AF=NOFORM; domain=.bingapis.com; expires=Sat, 22-Feb-2020 07:17:06 GMT;
        path=/
      - SRCHUID=V=2&GUID=5D6183775A034C37905C8CD32C64C2B9&dmnchg=1; domain=.bingapis.com;
        expires=Sat, 22-Feb-2020 07:17:06 GMT; path=/
      - SRCHUSR=DOB=20180222; domain=.bingapis.com; expires=Sat, 22-Feb-2020 07:17:06
        GMT; path=/
      - _EDGE_S=mkt=en-us&F=1&SID=35CE81FC489C6D1134818A6249796CD3; path=/; httponly;
        domain=bingapis.com
      - _EDGE_V=1; path=/; httponly; expires=Tue, 19-Mar-2019 07:17:06 GMT; domain=bingapis.com
      - _SS=SID=35CE81FC489C6D1134818A6249796CD3; domain=.bingapis.com; path=/
      Bingapis-Traceid:
      - A5ED1BEC8E214B95AF8CF12FDA07F19A
      X-Msedge-Clientid:
      - 33B4A420CF19638D1AAEAFBECEFC62DB
      X-Msapi-Userstate:
      - '4746'
      Bingapis-Market:
      - en-US
      X-Msedge-Ref:
      - 'Ref A: A5ED1BEC8E214B95AF8CF12FDA07F19A Ref B: SG2EDGE1008 Ref C: 2018-02-22T07:17:06Z'
      Date:
      - Thu, 22 Feb 2018 07:17:05 GMT
    body:
      encoding: UTF-8
      string: '{"_type": "SearchResponse", "instrumentation": {"pingUrlBase": "https:\/\/www.bingapis.com\/api\/ping?IG=708244299E4B49F78A825247883BC8FF&CID=33B4A420CF19638D1AAEAFBECEFC62DB&ID=",
        "pageLoadPingUrl": "https:\/\/www.bingapis.com\/api\/ping\/pageload?IG=708244299E4B49F78A825247883BC8FF&CID=33B4A420CF19638D1AAEAFBECEFC62DB&Type=Event.CPT&DATA=0"},
        "webPages": {"webSearchUrl": "https:\/\/www.bing.com\/search?q=jobs+(site%3a.gov)",
        "webSearchUrlPingSuffix": "DevEx,5505.1", "totalEstimatedMatches": 15000000,
        "value": [{"id": "https:\/\/www.bingapis.com\/api\/v6\/#WebPages.0", "name":
        "USAJOBS - The Federal Government''s Official Jobs Site", "url": "https:\/\/www.usajobs.gov\/",
        "urlPingSuffix": "DevEx,5099.1", "about": [{"name": "USAJobs"}, {"name": "USAJobs"}],
        "displayUrl": "https:\/\/www.usajobs.gov", "snippet": "USAJOBS is the Federal
        Government''s official one-stop source for Federal jobs and employment information.",
        "deepLinks": [{"name": "Sign In", "url": "http:\/\/my.usajobs.gov\/Applicant\/ProfileDashboard\/Home",
        "urlPingSuffix": "DevEx,5087.1"}, {"name": "Veterans", "url": "https:\/\/www.usajobs.gov\/Help\/working-in-government\/unique-hiring-paths\/veterans\/",
        "urlPingSuffix": "DevEx,5088.1"}, {"name": "Search Jobs", "url": "http:\/\/jobsearch.usajobs.gov\/",
        "urlPingSuffix": "DevEx,5089.1"}, {"name": "Students", "url": "https:\/\/www.usajobs.gov\/Help\/working-in-government\/unique-hiring-paths\/students\/",
        "urlPingSuffix": "DevEx,5090.1"}, {"name": "Create Account", "url": "https:\/\/login.usajobs.gov\/account\/Create",
        "urlPingSuffix": "DevEx,5091.1"}, {"name": "FBI", "url": "https:\/\/fbi.usajobs.gov\/",
        "urlPingSuffix": "DevEx,5092.1"}], "dateLastCrawled": "2018-02-15T01:46:00.0000000Z"},
        {"id": "https:\/\/www.bingapis.com\/api\/v6\/#WebPages.1", "name": "SPD:
        Home", "url": "http:\/\/www.jobs.in.gov\/", "urlPingSuffix": "DevEx,5114.1",
        "about": [{"name": "Louisiana"}], "displayUrl": "www.jobs.in.gov", "snippet":
        "Search for jobs with Indiana State Government; Learn more about working
        for the state of Indiana; View my current benefits summary; Ask SPD a question
        related to my ...", "dateLastCrawled": "2018-02-12T22:52:00.0000000Z"}, {"id":
        "https:\/\/www.bingapis.com\/api\/v6\/#WebPages.2", "name": "Jobs - Federal
        Aviation Administration (FAA)", "url": "https:\/\/www.faa.gov\/jobs\/", "urlPingSuffix":
        "DevEx,5138.1", "about": [{"name": "Federal Aviation Administration"}], "displayUrl":
        "https:\/\/www.faa.gov\/jobs", "snippet": "Take control of your career.
        The FAA has many opportunities for you to contribute to our safe and efficient
        skies. Below is a sample of possible career fields:", "dateLastCrawled": "2018-02-15T16:45:00.0000000Z"},
        {"id": "https:\/\/www.bingapis.com\/api\/v6\/#WebPages.3", "name": "Jobs
        and Career Information | USAGov", "url": "https:\/\/www.usa.gov\/jobs-careers",
        "urlPingSuffix": "DevEx,5156.1", "displayUrl": "https:\/\/www.usa.gov\/jobs-careers",
        "snippet": "Jobs and Career Information. Find information about different
        career fields. Animal Care and Science. Find career information about animal
        science and care.", "dateLastCrawled": "2018-02-10T11:32:00.0000000Z"}, {"id":
        "https:\/\/www.bingapis.com\/api\/v6\/#WebPages.4", "name": "Jobs Home |
        City of New York", "url": "http:\/\/www1.nyc.gov\/jobs\/index.page", "urlPingSuffix":
        "DevEx,5171.1", "about": [{"name": "New York"}], "displayUrl": "www1.nyc.gov\/jobs\/index.page",
        "snippet": "Every day, the City''s 325,000 employees serve millions of residents
        and visitors. They improve infrastructure, provide important social services,
        and make the city safer.", "dateLastCrawled": "2018-02-15T20:08:00.0000000Z"},
        {"id": "https:\/\/www.bingapis.com\/api\/v6\/#WebPages.5", "name": "jobs.utah.gov
        - Department of Workforce Services", "url": "https:\/\/jobs.utah.gov\/", "urlPingSuffix":
        "DevEx,5184.1", "displayUrl": "https:\/\/jobs.utah.gov", "snippet": "Find
        Your New Job. Workforce Services has jobs in over 23 career fields in Utah.
        Start searching for your new job today.", "dateLastCrawled": "2018-02-16T23:37:00.0000000Z"},
        {"id": "https:\/\/www.bingapis.com\/api\/v6\/#WebPages.6", "name": "State
        of California Jobs - CalCareers", "url": "http:\/\/www.jobs.ca.gov\/",
        "urlPingSuffix": "DevEx,5199.1", "about": [{"name": "California"}], "displayUrl":
        "www.jobs.ca.gov", "snippet": "The State of California offers a wide variety
        of careers and jobs, ranging from accounting to zoology. The services our
        employees provide are truly ...", "dateLastCrawled": "2018-02-15T22:13:00.0000000Z"},
        {"id": "https:\/\/www.bingapis.com\/api\/v6\/#WebPages.7", "name": "Phila.gov
        | Human Resources | Jobs", "url": "http:\/\/www.phila.gov\/personnel\/Jobs.html",
        "urlPingSuffix": "DevEx,5213.1", "displayUrl": "www.phila.gov\/personnel\/Jobs.html",
        "snippet": "Job Interest » Job Opportunities » In order to be hired for a
        Civil Service job, you must apply, take and pass a test, and rank high enough
        to be called in for an ...", "dateLastCrawled": "2018-02-10T21:01:00.0000000Z"},
        {"id": "https:\/\/www.bingapis.com\/api\/v6\/#WebPages.8", "name": "Jobs
        | Topics", "url": "https:\/\/www.fairfaxcounty.gov\/topics\/jobs", "urlPingSuffix":
        "DevEx,5224.1", "about": [{"name": "Fairfax County"}], "displayUrl": "https:\/\/www.fairfaxcounty.gov\/topics\/jobs",
        "snippet": "Fairfax County, Virginia - Look and apply for a job with Fairfax
        Count Government. Serve your community as a public servant in many ways.",
        "dateLastCrawled": "2018-02-14T21:02:00.0000000Z"}, {"id": "https:\/\/www.bingapis.com\/api\/v6\/#WebPages.9",
        "name": "Exciting Career Opportunities - Jobs - California Public ...",
        "url": "http:\/\/www.cpuc.ca.gov\/jobs\/", "urlPingSuffix": "DevEx,5239.1",
        "about": [{"name": "California Public Utilities Commission"}], "displayUrl":
        "www.cpuc.ca.gov\/jobs", "snippet": "Exciting Career Opportunities. The
        CPUC is hiring! The CPUC is currently hiring for a variety of positions. We
        welcome qualified candidates to join our diverse team ...", "dateLastCrawled":
        "2018-02-12T21:26:00.0000000Z"}, {"id": "https:\/\/www.bingapis.com\/api\/v6\/#WebPages.10",
        "name": "Jobs | WA - DNR", "url": "https:\/\/www.dnr.wa.gov\/employment\/jobs",
        "urlPingSuffix": "DevEx,5254.1", "about": [{"name": "Washington State Department
        of Natural Resources"}], "displayUrl": "https:\/\/www.dnr.wa.gov\/employment\/jobs",
        "snippet": "LOOK FOR JOBS To see all of our current DNR job vacancies click
        on “Apply Search” at the bottom of the page without making any selections
        in the search categories.", "dateLastCrawled": "2018-02-11T07:27:00.0000000Z"},
        {"id": "https:\/\/www.bingapis.com\/api\/v6\/#WebPages.11", "name": "NC.gov:
        Jobs", "url": "https:\/\/www.nc.gov\/jobs", "urlPingSuffix": "DevEx,5269.1",
        "about": [{"name": "North Carolina"}], "displayUrl": "https:\/\/www.nc.gov\/jobs",
        "snippet": "Careers within the State of North Carolina include public safety,
        education, transportation, and health care. State employees located in each
        one of the 100 counties ...", "dateLastCrawled": "2018-02-12T10:21:00.0000000Z"},
        {"id": "https:\/\/www.bingapis.com\/api\/v6\/#WebPages.12", "name": "CalCareers
        - CA Jobs", "url": "https:\/\/jobs.ca.gov\/CalHRPublic\/Search\/JobSearchResults.aspx",
        "urlPingSuffix": "DevEx,5283.1", "displayUrl": "https:\/\/jobs.ca.gov\/CalHRPublic\/Search\/JobSearchResults.aspx",
        "snippet": "Job Search Results Advanced Job Search Geographical Job Search
        Exam \/ Assessment Search Keyword Search: Use Exact Word Match. Search. Filters
        ...", "dateLastCrawled": "2018-02-13T12:01:00.0000000Z"}, {"id": "https:\/\/www.bingapis.com\/api\/v6\/#WebPages.13",
        "name": "Current Jobs at Caltrans - Vacancy Information", "url": "http:\/\/www.dot.ca.gov\/jobs\/vacancy.html",
        "urlPingSuffix": "DevEx,5297.1", "displayUrl": "www.dot.ca.gov\/jobs\/vacancy.html",
        "snippet": "Alpha listing by job title of all current Caltrans jobs advertised
        through the Department of Human Resources. California State Jobs.", "dateLastCrawled":
        "2018-02-15T06:43:00.0000000Z"}, {"id": "https:\/\/www.bingapis.com\/api\/v6\/#WebPages.14",
        "name": "PNNL: Jobs", "url": "https:\/\/jobs.pnnl.gov\/", "urlPingSuffix":
        "DevEx,5312.1", "about": [{"name": "Pacific Northwest National Laboratory"}],
        "displayUrl": "https:\/\/jobs.pnnl.gov", "snippet": "Find Jobs. Browse
        a list of our current job openings. Create an applicant profile and upload
        a resumé. Sign up to receive email notices for new job openings.", "dateLastCrawled":
        "2018-02-15T02:18:00.0000000Z"}, {"id": "https:\/\/www.bingapis.com\/api\/v6\/#WebPages.15",
        "name": "Search Results | IN.gov", "url": "http:\/\/www.in.gov\/core\/results.html?q=jobs&site=default_collection&client=coreSAYT_Frontend&proxyreload=1&getfields=*&output=xml_no_dtd&start=0&num=100",
        "urlPingSuffix": "DevEx,5325.1", "displayUrl": "www.in.gov\/core\/results.html?q=jobs&site=default_collection&client=...",
        "snippet": "IndianaCareerConnect.com is the #1 source of jobs in Indiana.
        ... Frequent Results for License. Licensing.IN.gov", "dateLastCrawled":
        "2018-01-31T15:24:00.0000000Z"}, {"id": "https:\/\/www.bingapis.com\/api\/v6\/#WebPages.16",
        "name": "Jobs | City of Mesa", "url": "http:\/\/www.mesaaz.gov\/about-us\/jobs",
        "urlPingSuffix": "DevEx,5339.1", "about": [{"name": "Mesa"}], "displayUrl":
        "www.mesaaz.gov\/about-us\/jobs", "snippet": "To apply online and advance
        to Career Opportunities read the Employee Values and click the \"I Agree\"
        button below. By doing so you are committing to uphold and ...", "dateLastCrawled":
        "2018-02-12T17:55:00.0000000Z"}, {"id": "https:\/\/www.bingapis.com\/api\/v6\/#WebPages.17",
        "name": "Jobs & Careers at TPWD - Texas Parks & Wildlife Department",
        "url": "https:\/\/tpwd.texas.gov\/jobs\/", "urlPingSuffix": "DevEx,5354.1",
        "about": [{"name": "Texas Parks and Wildlife Department"}], "displayUrl":
        "https:\/\/tpwd.texas.gov\/jobs", "snippet": "We are TPWD. Providing outdoor
        recreational opportunities, managing and protecting fish and wildlife habitat,
        and managing parklands and historic areas", "dateLastCrawled": "2018-02-12T05:17:00.0000000Z"},
        {"id": "https:\/\/www.bingapis.com\/api\/v6\/#WebPages.18", "name": "City
        of Houston Careers", "url": "http:\/\/www.houstontx.gov\/hr\/careers.html",
        "urlPingSuffix": "DevEx,5369.1", "about": [{"name": "Houston"}], "displayUrl":
        "www.houstontx.gov\/hr\/careers.html", "snippet": "The City of Houston can’t
        function without great employees. We’re always on the lookout for talented,
        caring people to join us. Employment with City of Houston ...", "dateLastCrawled":
        "2018-02-12T21:20:00.0000000Z"}, {"id": "https:\/\/www.bingapis.com\/api\/v6\/#WebPages.19",
        "name": "Careers.ohio.gov", "url": "http:\/\/careers.ohio.gov\/", "urlPingSuffix":
        "DevEx,5383.1", "displayUrl": "careers.ohio.gov", "snippet": "The State
        of Ohio offers a wide range of career opportunities. A career in public service
        is an honorable choice. The work we do impacts the lives of the people in
        Ohio.", "dateLastCrawled": "2018-02-08T17:10:00.0000000Z"}]}, "rankingResponse":
        {"mainline": {"items": [{"answerType": "WebPages", "resultIndex": 0, "value":
        {"id": "https:\/\/www.bingapis.com\/api\/v6\/#WebPages.0"}}, {"answerType":
        "WebPages", "resultIndex": 1, "value": {"id": "https:\/\/www.bingapis.com\/api\/v6\/#WebPages.1"}},
        {"answerType": "WebPages", "resultIndex": 2, "value": {"id": "https:\/\/www.bingapis.com\/api\/v6\/#WebPages.2"}},
        {"answerType": "WebPages", "resultIndex": 3, "value": {"id": "https:\/\/www.bingapis.com\/api\/v6\/#WebPages.3"}},
        {"answerType": "WebPages", "resultIndex": 4, "value": {"id": "https:\/\/www.bingapis.com\/api\/v6\/#WebPages.4"}},
        {"answerType": "WebPages", "resultIndex": 5, "value": {"id": "https:\/\/www.bingapis.com\/api\/v6\/#WebPages.5"}},
        {"answerType": "WebPages", "resultIndex": 6, "value": {"id": "https:\/\/www.bingapis.com\/api\/v6\/#WebPages.6"}},
        {"answerType": "WebPages", "resultIndex": 7, "value": {"id": "https:\/\/www.bingapis.com\/api\/v6\/#WebPages.7"}},
        {"answerType": "WebPages", "resultIndex": 8, "value": {"id": "https:\/\/www.bingapis.com\/api\/v6\/#WebPages.8"}},
        {"answerType": "WebPages", "resultIndex": 9, "value": {"id": "https:\/\/www.bingapis.com\/api\/v6\/#WebPages.9"}},
        {"answerType": "WebPages", "resultIndex": 10, "value": {"id": "https:\/\/www.bingapis.com\/api\/v6\/#WebPages.10"}},
        {"answerType": "WebPages", "resultIndex": 11, "value": {"id": "https:\/\/www.bingapis.com\/api\/v6\/#WebPages.11"}},
        {"answerType": "WebPages", "resultIndex": 12, "value": {"id": "https:\/\/www.bingapis.com\/api\/v6\/#WebPages.12"}},
        {"answerType": "WebPages", "resultIndex": 13, "value": {"id": "https:\/\/www.bingapis.com\/api\/v6\/#WebPages.13"}},
        {"answerType": "WebPages", "resultIndex": 14, "value": {"id": "https:\/\/www.bingapis.com\/api\/v6\/#WebPages.14"}},
        {"answerType": "WebPages", "resultIndex": 15, "value": {"id": "https:\/\/www.bingapis.com\/api\/v6\/#WebPages.15"}},
        {"answerType": "WebPages", "resultIndex": 16, "value": {"id": "https:\/\/www.bingapis.com\/api\/v6\/#WebPages.16"}},
        {"answerType": "WebPages", "resultIndex": 17, "value": {"id": "https:\/\/www.bingapis.com\/api\/v6\/#WebPages.17"}},
        {"answerType": "WebPages", "resultIndex": 18, "value": {"id": "https:\/\/www.bingapis.com\/api\/v6\/#WebPages.18"}},
        {"answerType": "WebPages", "resultIndex": 19, "value": {"id": "https:\/\/www.bingapis.com\/api\/v6\/#WebPages.19"}}]}}}'
    http_version: 
  recorded_at: Thu, 22 Feb 2018 07:17:06 GMT
- request:
    method: get
    uri: https://www.bingapis.com/api/v6/search?AppId=<BING_V6_APP_ID>&count=20&mkt=en-US&offset=0&q=jobs%20(site:.gov)&responseFilter=WebPages&safeSearch=moderate&textDecorations=true&traffictype=test
    body:
      encoding: US-ASCII
      string: ''
    headers:
      User-Agent:
      - USASearch
      Accept-Encoding:
      - gzip;q=1.0,deflate;q=0.6,identity;q=0.3
      Accept:
      - "*/*"
      Connection:
      - keep-alive
      Keep-Alive:
      - '30'
  response:
    status:
      code: 200
      message: OK
    headers:
      Cache-Control:
      - private, max-age=0
      Content-Length:
      - '3914'
      Content-Type:
      - application/json; charset=utf-8
      Expires:
      - Mon, 19 Nov 2018 22:39:49 GMT
      Vary:
      - Accept-Encoding
      P3p:
      - CP="NON UNI COM NAV STA LOC CURa DEVa PSAa PSDa OUR IND"
      Set-Cookie:
      - MUID=34D07FC567DA69F60A0C7369660D6865; path=/; expires=Sat, 14-Dec-2019 22:40:49
        GMT; domain=bingapis.com
      - MUIDB=34D07FC567DA69F60A0C7369660D6865; path=/; httponly; expires=Sat, 14-Dec-2019
        22:40:49 GMT
      - SRCHD=AF=NOFORM; domain=.bingapis.com; expires=Thu, 19-Nov-2020 22:40:49 GMT;
        path=/
      - SRCHUID=V=2&GUID=9FB46742FAFE42EB87C34197F14C509E&dmnchg=1; domain=.bingapis.com;
        expires=Thu, 19-Nov-2020 22:40:49 GMT; path=/
      - SRCHUSR=DOB=20181119; domain=.bingapis.com; expires=Thu, 19-Nov-2020 22:40:49
        GMT; path=/
      - _EDGE_S=mkt=en-us&F=1&SID=293BB14A44B36BE91EBBBDE645646A1B; path=/; httponly;
        domain=bingapis.com
      - _EDGE_V=1; path=/; httponly; expires=Sat, 14-Dec-2019 22:40:49 GMT; domain=bingapis.com
      - _SS=SID=293BB14A44B36BE91EBBBDE645646A1B; domain=.bingapis.com; path=/
      Bingapis-Traceid:
      - D87C0582D326458D9DE521DF09C1A6B3
      X-Msedge-Clientid:
      - 34D07FC567DA69F60A0C7369660D6865
      X-Msapi-Userstate:
      - '0613'
      Bingapis-Market:
      - en-US
      X-Msedge-Ref:
      - 'Ref A: D87C0582D326458D9DE521DF09C1A6B3 Ref B: CO1EDGE0216 Ref C: 2018-11-19T22:40:49Z'
      Date:
      - Mon, 19 Nov 2018 22:40:49 GMT
    body:
      encoding: UTF-8
      string: '{"_type": "SearchResponse", "instrumentation": {"pingUrlBase": "https:\/\/www.bingapis.com\/api\/ping?IG=381639F3882243E58690C981DDAB28B9&CID=34D07FC567DA69F60A0C7369660D6865&ID=",
        "pageLoadPingUrl": "https:\/\/www.bingapis.com\/api\/ping\/pageload?IG=381639F3882243E58690C981DDAB28B9&CID=34D07FC567DA69F60A0C7369660D6865&Type=Event.CPT&DATA=0"},
        "webPages": {"webSearchUrl": "https:\/\/www.bing.com\/search?q=jobs+(site%3a.gov)",
        "webSearchUrlPingSuffix": "DevEx,5410.1", "totalEstimatedMatches": 31200000,
        "value": [{"id": "https:\/\/www.bingapis.com\/api\/v6\/#WebPages.0", "name":
        "Virginia Jobs", "url": "http:\/\/jobs.virginia.gov\/", "urlPingSuffix":
        "DevEx,5059.1", "about": [{"name": "Virginia"}], "displayUrl": "jobs.virginia.gov",
        "snippet": "The Commonwealth of Virginia is an Equal Opportunity Employer
        It is the policy of the Commonwealth of Virginia to prohibit discrimination
        on the basis of race, sex, color, national origin, religion, sexual orientation,
        gender identity, age, veteran status, political affiliation, genetics, or
        disability in the recruitment, selection, and hiring ...", "dateLastCrawled":
        "2018-11-14T21:05:00.0000000Z"}, {"id": "https:\/\/www.bingapis.com\/api\/v6\/#WebPages.1",
        "name": "Jobs | Topics - Fairfax County Homepage | Fairfax County",
        "url": "https:\/\/www.fairfaxcounty.gov\/topics\/jobs", "urlPingSuffix": "DevEx,5072.1",
        "about": [{"name": "Fairfax County"}], "displayUrl": "https:\/\/www.fairfaxcounty.gov\/topics\/jobs",
        "snippet": "Fairfax County, Virginia - Look and apply for a job with Fairfax
        Count Government. Serve your community as a public servant in many ways.",
        "dateLastCrawled": "2018-11-12T04:20:00.0000000Z"}, {"id": "https:\/\/www.bingapis.com\/api\/v6\/#WebPages.2",
        "name": "USAJOBS - The Federal Government''s Official Jobs Site", "url":
        "https:\/\/www.usajobs.gov\/", "urlPingSuffix": "DevEx,5085.1", "about": [{"name":
        "USAJOBS"}, {"name": "USAJOBS"}], "displayUrl": "https:\/\/www.usajobs.gov",
        "snippet": "USAJOBS is the Federal Government''s official one-stop source
        for Federal jobs and employment information.", "dateLastCrawled": "2018-11-12T08:38:00.0000000Z"},
        {"id": "https:\/\/www.bingapis.com\/api\/v6\/#WebPages.3", "name": "jobs.utah.gov
        - Department of Workforce Services", "url": "https:\/\/jobs.utah.gov\/", "urlPingSuffix":
        "DevEx,5097.1", "displayUrl": "https:\/\/jobs.utah.gov", "snippet": "The
        Department of Workforce Services strengthens Utah''s communities by supporting
        the economic stability and quality of our workforce.", "dateLastCrawled":
        "2018-11-16T02:39:00.0000000Z"}, {"id": "https:\/\/www.bingapis.com\/api\/v6\/#WebPages.4",
        "name": "Jobs Home | City of New York", "url": "https:\/\/www1.nyc.gov\/jobs\/index.page",
        "urlPingSuffix": "DevEx,5109.1", "about": [{"name": "New York"}], "displayUrl":
        "https:\/\/www1.nyc.gov\/jobs\/index.page", "snippet": "Jobs ; Jobs
        Home Get Started Explore Careers. Find a job in New York City government:
        Search Search. Login or Create an Account. City Employee Login. Make a difference.
        City government is filled with opportunities for talented people who want
        to improve their communities and make an important difference in the lives
        of their fellow New Yorkers.", "dateLastCrawled": "2018-11-16T08:37:00.0000000Z"},
        {"id": "https:\/\/www.bingapis.com\/api\/v6\/#WebPages.5", "name": "NC.gov:
        Jobs", "url": "https:\/\/www.nc.gov\/jobs", "urlPingSuffix": "DevEx,5123.1",
        "about": [{"name": "North Carolina"}], "displayUrl": "https:\/\/www.nc.gov\/jobs",
        "snippet": "Careers within the State of North Carolina include public safety,
        education, transportation, and health care. State employees located in each
        one of the 100 counties in North Carolina. We also have listings for jobs
        in the local school system, and jobs in the private sector that are in our
        Employment Security database.", "dateLastCrawled": "2018-11-15T22:10:00.0000000Z"},
        {"id": "https:\/\/www.bingapis.com\/api\/v6\/#WebPages.6", "name": "NJDEP-Employment
        Opportunities", "url": "https:\/\/www.nj.gov\/dep\/jobs\/", "urlPingSuffix":
        "DevEx,5135.1", "about": [{"name": "New Jersey Department of Environmental
        Protection"}], "displayUrl": "https:\/\/www.nj.gov\/dep\/jobs", "snippet":
        "Government Jobs can also be found on the Civil Service Commission Home
        Page. New Jersey Residency Requirements All employees of State and local government
        must reside in the State of New Jersey, unless exempted under the law.", "dateLastCrawled":
        "2018-11-13T21:28:00.0000000Z"}, {"id": "https:\/\/www.bingapis.com\/api\/v6\/#WebPages.7",
        "name": "2020 Census Jobs", "url": "https:\/\/2020census.gov\/jobs", "urlPingSuffix":
        "DevEx,5148.1", "displayUrl": "https:\/\/2020census.gov\/jobs", "snippet":
        "We are hiring for a variety of temporary jobs, including census takers,
        recruiting assistants, office staff, and supervisory staff. To be eligible,
        you must be at least 18 years old, have a valid Social Security number, and
        be a U.S. citizen.", "dateLastCrawled": "2018-11-09T15:00:00.0000000Z"}, {"id":
        "https:\/\/www.bingapis.com\/api\/v6\/#WebPages.8", "name": "Jobs - Federal
        Aviation Administration", "url": "https:\/\/www.faa.gov\/jobs\/", "urlPingSuffix":
        "DevEx,5161.1", "about": [{"name": "Federal Aviation Administration"}], "displayUrl":
        "https:\/\/www.faa.gov\/jobs", "snippet": "Take control of your career.
        The FAA has many opportunities for you to contribute to our safe and efficient
        skies. Below is a sample of possible career fields:", "dateLastCrawled": "2018-11-16T09:32:00.0000000Z"},
        {"id": "https:\/\/www.bingapis.com\/api\/v6\/#WebPages.9", "name": "myCase
        - Home", "url": "https:\/\/jobs.utah.gov\/mycase\/", "urlPingSuffix": "DevEx,5175.1",
        "displayUrl": "https:\/\/jobs.utah.gov\/mycase", "snippet": "jobs main
        content Starting November 1, 2018 through December 15, 2018 ... Do I log into
        myCase with the same ID\/password information that I use when I log in for
        Unemployment or to search for employment? Yes. Use your UtahID information
        to login. Will myCase share information with Google, Yahoo, Facebook or
        any other sites?", "dateLastCrawled": "2018-11-12T16:18:00.0000000Z"}, {"id":
        "https:\/\/www.bingapis.com\/api\/v6\/#WebPages.10", "name": "Job Search
        Results", "url": "https:\/\/jobs.ca.gov\/CalHRPublic\/Search\/JobSearchResults.aspx",
        "urlPingSuffix": "DevEx,5188.1", "displayUrl": "https:\/\/jobs.ca.gov\/CalHRPublic\/Search\/JobSearchResults.aspx",
        "snippet": "System Updates - CalCareers: CalCareers will be offline for maintenance
        on Tuesday, November 13th, 2018 between 4:30PM - 9:30PM. The Office Technician
        exam will be offline from 3:30PM - 9:30PM. Thank you for your cooperation.",
        "dateLastCrawled": "2018-11-15T12:41:00.0000000Z"}, {"id": "https:\/\/www.bingapis.com\/api\/v6\/#WebPages.11",
        "name": "CalCareers", "url": "https:\/\/jobs.ca.gov\/", "urlPingSuffix": "DevEx,5202.1",
        "about": [{"name": "JobsMoGov"}], "displayUrl": "https:\/\/jobs.ca.gov",
        "snippet": "The State of California offers a wide variety of careers and
        jobs, ranging from accounting to zoology. The services our employees provide
        are truly essential to the people of California. In public service, you
        will spend every day doing work that is vital to your state and your community.",
        "dateLastCrawled": "2018-11-16T07:14:00.0000000Z"}, {"id": "https:\/\/www.bingapis.com\/api\/v6\/#WebPages.12",
        "name": "Careers.ohio.gov", "url": "http:\/\/careers.ohio.gov\/", "urlPingSuffix":
        "DevEx,5215.1", "about": [{"name": "Ohio"}], "displayUrl": "careers.ohio.gov",
        "snippet": "The State of Ohio transitioned to a new applicant tracking system
        to post jobs and receive applications. Job seekers will continue to have
        access to view their existing profile\/account at governmentjobs.com. This
        includes application status information and any correspondences sent concerning
        applications submitted prior to April 6, 2018.", "dateLastCrawled": "2018-11-15T04:43:00.0000000Z"},
        {"id": "https:\/\/www.bingapis.com\/api\/v6\/#WebPages.13", "name": "Careers
        | US EPA", "url": "https:\/\/www.epa.gov\/careers", "urlPingSuffix": "DevEx,5226.1",
        "displayUrl": "https:\/\/www.epa.gov\/careers", "snippet": "Find out more
        information on the special hiring authority for Individuals with disabilities,
        Schedule A, as well as all EPA jobs currently open. Attorneys at EPA work
        on cutting-edge legal issues. Learn more about our legal offices and law career
        opportunities , and about opportunities for law school grads .", "dateLastCrawled":
        "2018-11-05T14:19:00.0000000Z"}, {"id": "https:\/\/www.bingapis.com\/api\/v6\/#WebPages.14",
        "name": "Find a Federal Government Job | USAGov", "url": "https:\/\/www.usa.gov\/government-jobs",
        "urlPingSuffix": "DevEx,5242.1", "displayUrl": "https:\/\/www.usa.gov\/government-jobs",
        "snippet": "The federal government has job opportunities available now in
        agencies throughout the U.S. If you’re interested in a job with the federal
        government, visit USAJOBS.gov, the official one-stop source for federal jobs
        and employment information. There, you can: You must create a USAJOBS profile
        to ...", "dateLastCrawled": "2018-11-14T13:30:00.0000000Z"}, {"id": "https:\/\/www.bingapis.com\/api\/v6\/#WebPages.15",
        "name": "Jobs | Communications & Public Information | City of ...", "url":
        "https:\/\/www.alexandriava.gov\/Jobs", "urlPingSuffix": "DevEx,5256.1", "about":
        [{"name": "Alexandria"}], "displayUrl": "https:\/\/www.alexandriava.gov\/Jobs",
        "snippet": "Jobs Alexandria offers wide range of job opportunities and services.
        Work for City government or City Public Schools, find out about an internship
        opportunity or learn about workforce development and career training options.",
        "dateLastCrawled": "2018-11-12T15:30:00.0000000Z"}, {"id": "https:\/\/www.bingapis.com\/api\/v6\/#WebPages.16",
        "name": "FBIJOBS", "url": "https:\/\/www.fbijobs.gov\/", "urlPingSuffix":
        "DevEx,5270.1", "about": [{"name": "Federal Bureau of Investigation"}, {"name":
        "Federal Bureau of Investigation"}], "displayUrl": "https:\/\/www.fbijobs.gov",
        "snippet": "FBIJOBS.GOV is an official site of the U.S. Government, U.S.
        Department of Justice FBI is a partner with the U.S. Intelligence Community
        Federal Bureau of Investigation.", "dateLastCrawled": "2018-11-16T13:55:00.0000000Z"},
        {"id": "https:\/\/www.bingapis.com\/api\/v6\/#WebPages.17", "name": "Jobs
        & Careers at TPWD - Texas Parks & Wildlife Department", "url": "https:\/\/tpwd.texas.gov\/jobs\/",
        "urlPingSuffix": "DevEx,5284.1", "about": [{"name": "Texas Parks and Wildlife
        Department"}], "displayUrl": "https:\/\/tpwd.texas.gov\/jobs", "snippet":
        "Veteran Hiring at TPWD. Texas state law requires agencies to give veterans,
        surviving spouses of veterans, and orphans of veterans preference in the selection
        process when candidates are similarly qualified.", "dateLastCrawled": "2018-11-11T09:39:00.0000000Z"},
        {"id": "https:\/\/www.bingapis.com\/api\/v6\/#WebPages.18", "name": "Jobs
        Express: Job Openings in New York State - New York ...", "url": "https:\/\/labor.ny.gov\/jobs\/regional.shtm",
        "urlPingSuffix": "DevEx,5300.1", "displayUrl": "https:\/\/labor.ny.gov\/jobs\/regional.shtm",
        "snippet": "Jobs Express: Job Openings in New York State. Below are current
        job openings in New York''s 10 regional economies. New Yorkers can view the
        region they live in, see which industries are growing and find out what jobs
        are available in that economic sector.", "dateLastCrawled": "2018-11-16T09:34:00.0000000Z"},
        {"id": "https:\/\/www.bingapis.com\/api\/v6\/#WebPages.19", "name": "USAJobs",
        "url": "https:\/\/login.usajobs.gov\/", "urlPingSuffix": "DevEx,5312.1", "about":
        [{"name": "USAJOBS"}], "displayUrl": "https:\/\/login.usajobs.gov", "snippet":
        "USAJobs", "dateLastCrawled": "2018-11-15T18:29:00.0000000Z"}]}, "rankingResponse":
        {"mainline": {"items": [{"answerType": "WebPages", "resultIndex": 0, "value":
        {"id": "https:\/\/www.bingapis.com\/api\/v6\/#WebPages.0"}}, {"answerType":
        "WebPages", "resultIndex": 1, "value": {"id": "https:\/\/www.bingapis.com\/api\/v6\/#WebPages.1"}},
        {"answerType": "WebPages", "resultIndex": 2, "value": {"id": "https:\/\/www.bingapis.com\/api\/v6\/#WebPages.2"}},
        {"answerType": "WebPages", "resultIndex": 3, "value": {"id": "https:\/\/www.bingapis.com\/api\/v6\/#WebPages.3"}},
        {"answerType": "WebPages", "resultIndex": 4, "value": {"id": "https:\/\/www.bingapis.com\/api\/v6\/#WebPages.4"}},
        {"answerType": "WebPages", "resultIndex": 5, "value": {"id": "https:\/\/www.bingapis.com\/api\/v6\/#WebPages.5"}},
        {"answerType": "WebPages", "resultIndex": 6, "value": {"id": "https:\/\/www.bingapis.com\/api\/v6\/#WebPages.6"}},
        {"answerType": "WebPages", "resultIndex": 7, "value": {"id": "https:\/\/www.bingapis.com\/api\/v6\/#WebPages.7"}},
        {"answerType": "WebPages", "resultIndex": 8, "value": {"id": "https:\/\/www.bingapis.com\/api\/v6\/#WebPages.8"}},
        {"answerType": "WebPages", "resultIndex": 9, "value": {"id": "https:\/\/www.bingapis.com\/api\/v6\/#WebPages.9"}},
        {"answerType": "WebPages", "resultIndex": 10, "value": {"id": "https:\/\/www.bingapis.com\/api\/v6\/#WebPages.10"}},
        {"answerType": "WebPages", "resultIndex": 11, "value": {"id": "https:\/\/www.bingapis.com\/api\/v6\/#WebPages.11"}},
        {"answerType": "WebPages", "resultIndex": 12, "value": {"id": "https:\/\/www.bingapis.com\/api\/v6\/#WebPages.12"}},
        {"answerType": "WebPages", "resultIndex": 13, "value": {"id": "https:\/\/www.bingapis.com\/api\/v6\/#WebPages.13"}},
        {"answerType": "WebPages", "resultIndex": 14, "value": {"id": "https:\/\/www.bingapis.com\/api\/v6\/#WebPages.14"}},
        {"answerType": "WebPages", "resultIndex": 15, "value": {"id": "https:\/\/www.bingapis.com\/api\/v6\/#WebPages.15"}},
        {"answerType": "WebPages", "resultIndex": 16, "value": {"id": "https:\/\/www.bingapis.com\/api\/v6\/#WebPages.16"}},
        {"answerType": "WebPages", "resultIndex": 17, "value": {"id": "https:\/\/www.bingapis.com\/api\/v6\/#WebPages.17"}},
        {"answerType": "WebPages", "resultIndex": 18, "value": {"id": "https:\/\/www.bingapis.com\/api\/v6\/#WebPages.18"}},
        {"answerType": "WebPages", "resultIndex": 19, "value": {"id": "https:\/\/www.bingapis.com\/api\/v6\/#WebPages.19"}}]}}}'
    http_version: 
  recorded_at: Mon, 19 Nov 2018 22:40:49 GMT
- request:
    method: get
    uri: https://www.bingapis.com/api/v6/search?AppId=<BING_V6_APP_ID>&count=20&mkt=en-US&offset=0&q=jobs%20(site:.gov)&responseFilter=WebPages&safeSearch=moderate&textDecorations=true&traffictype=test
    body:
      encoding: US-ASCII
      string: ''
    headers:
      User-Agent:
      - USASearch
      Accept-Encoding:
      - gzip;q=1.0,deflate;q=0.6,identity;q=0.3
      Accept:
      - "*/*"
      Connection:
      - keep-alive
      Keep-Alive:
      - '30'
  response:
    status:
      code: 200
      message: OK
    headers:
      Cache-Control:
      - private, max-age=0
      Content-Length:
      - '3913'
      Content-Type:
      - application/json; charset=utf-8
      Expires:
      - Mon, 19 Nov 2018 22:39:49 GMT
      Vary:
      - Accept-Encoding
      P3p:
      - CP="NON UNI COM NAV STA LOC CURa DEVa PSAa PSDa OUR IND"
      Set-Cookie:
      - MUID=32955B3BA51F664504155797A4C86756; path=/; expires=Sat, 14-Dec-2019 22:40:50
        GMT; domain=bingapis.com
      - MUIDB=32955B3BA51F664504155797A4C86756; path=/; httponly; expires=Sat, 14-Dec-2019
        22:40:50 GMT
      - SRCHD=AF=NOFORM; domain=.bingapis.com; expires=Thu, 19-Nov-2020 22:40:49 GMT;
        path=/
      - SRCHUID=V=2&GUID=F83531BAFFD849C1A649E05BAAF1C4F2&dmnchg=1; domain=.bingapis.com;
        expires=Thu, 19-Nov-2020 22:40:49 GMT; path=/
      - SRCHUSR=DOB=20181119; domain=.bingapis.com; expires=Thu, 19-Nov-2020 22:40:49
        GMT; path=/
      - _EDGE_S=mkt=en-us&F=1&SID=043D8660DF4268F926AA8ACCDE95690A; path=/; httponly;
        domain=bingapis.com
      - _EDGE_V=1; path=/; httponly; expires=Sat, 14-Dec-2019 22:40:50 GMT; domain=bingapis.com
      - _SS=SID=043D8660DF4268F926AA8ACCDE95690A; domain=.bingapis.com; path=/
      Bingapis-Traceid:
      - 0A3C81DF314A46A2A28096D01457C3E4
      X-Msedge-Clientid:
      - 32955B3BA51F664504155797A4C86756
      X-Msapi-Userstate:
      - 70a9
      Bingapis-Market:
      - en-US
      X-Msedge-Ref:
      - 'Ref A: 0A3C81DF314A46A2A28096D01457C3E4 Ref B: CO1EDGE0917 Ref C: 2018-11-19T22:40:50Z'
      Date:
      - Mon, 19 Nov 2018 22:40:49 GMT
    body:
      encoding: UTF-8
      string: '{"_type": "SearchResponse", "instrumentation": {"pingUrlBase": "https:\/\/www.bingapis.com\/api\/ping?IG=D817EAC154884085819E6A0A1062F8DF&CID=32955B3BA51F664504155797A4C86756&ID=",
        "pageLoadPingUrl": "https:\/\/www.bingapis.com\/api\/ping\/pageload?IG=D817EAC154884085819E6A0A1062F8DF&CID=32955B3BA51F664504155797A4C86756&Type=Event.CPT&DATA=0"},
        "webPages": {"webSearchUrl": "https:\/\/www.bing.com\/search?q=jobs+(site%3a.gov)",
        "webSearchUrlPingSuffix": "DevEx,5410.1", "totalEstimatedMatches": 31200000,
        "value": [{"id": "https:\/\/www.bingapis.com\/api\/v6\/#WebPages.0", "name":
        "Virginia Jobs", "url": "http:\/\/jobs.virginia.gov\/", "urlPingSuffix":
        "DevEx,5059.1", "about": [{"name": "Virginia"}], "displayUrl": "jobs.virginia.gov",
        "snippet": "The Commonwealth of Virginia is an Equal Opportunity Employer
        It is the policy of the Commonwealth of Virginia to prohibit discrimination
        on the basis of race, sex, color, national origin, religion, sexual orientation,
        gender identity, age, veteran status, political affiliation, genetics, or
        disability in the recruitment, selection, and hiring ...", "dateLastCrawled":
        "2018-11-14T21:05:00.0000000Z"}, {"id": "https:\/\/www.bingapis.com\/api\/v6\/#WebPages.1",
        "name": "Jobs | Topics - Fairfax County Homepage | Fairfax County",
        "url": "https:\/\/www.fairfaxcounty.gov\/topics\/jobs", "urlPingSuffix": "DevEx,5072.1",
        "about": [{"name": "Fairfax County"}], "displayUrl": "https:\/\/www.fairfaxcounty.gov\/topics\/jobs",
        "snippet": "Fairfax County, Virginia - Look and apply for a job with Fairfax
        Count Government. Serve your community as a public servant in many ways.",
        "dateLastCrawled": "2018-11-12T04:20:00.0000000Z"}, {"id": "https:\/\/www.bingapis.com\/api\/v6\/#WebPages.2",
        "name": "USAJOBS - The Federal Government''s Official Jobs Site", "url":
        "https:\/\/www.usajobs.gov\/", "urlPingSuffix": "DevEx,5085.1", "about": [{"name":
        "USAJOBS"}, {"name": "USAJOBS"}], "displayUrl": "https:\/\/www.usajobs.gov",
        "snippet": "USAJOBS is the Federal Government''s official one-stop source
        for Federal jobs and employment information.", "dateLastCrawled": "2018-11-12T08:38:00.0000000Z"},
        {"id": "https:\/\/www.bingapis.com\/api\/v6\/#WebPages.3", "name": "jobs.utah.gov
        - Department of Workforce Services", "url": "https:\/\/jobs.utah.gov\/", "urlPingSuffix":
        "DevEx,5097.1", "displayUrl": "https:\/\/jobs.utah.gov", "snippet": "The
        Department of Workforce Services strengthens Utah''s communities by supporting
        the economic stability and quality of our workforce.", "dateLastCrawled":
        "2018-11-16T02:39:00.0000000Z"}, {"id": "https:\/\/www.bingapis.com\/api\/v6\/#WebPages.4",
        "name": "Jobs Home | City of New York", "url": "https:\/\/www1.nyc.gov\/jobs\/index.page",
        "urlPingSuffix": "DevEx,5109.1", "about": [{"name": "New York"}], "displayUrl":
        "https:\/\/www1.nyc.gov\/jobs\/index.page", "snippet": "Jobs ; Jobs
        Home Get Started Explore Careers. Find a job in New York City government:
        Search Search. Login or Create an Account. City Employee Login. Make a difference.
        City government is filled with opportunities for talented people who want
        to improve their communities and make an important difference in the lives
        of their fellow New Yorkers.", "dateLastCrawled": "2018-11-16T08:37:00.0000000Z"},
        {"id": "https:\/\/www.bingapis.com\/api\/v6\/#WebPages.5", "name": "NC.gov:
        Jobs", "url": "https:\/\/www.nc.gov\/jobs", "urlPingSuffix": "DevEx,5123.1",
        "about": [{"name": "North Carolina"}], "displayUrl": "https:\/\/www.nc.gov\/jobs",
        "snippet": "Careers within the State of North Carolina include public safety,
        education, transportation, and health care. State employees located in each
        one of the 100 counties in North Carolina. We also have listings for jobs
        in the local school system, and jobs in the private sector that are in our
        Employment Security database.", "dateLastCrawled": "2018-11-15T22:10:00.0000000Z"},
        {"id": "https:\/\/www.bingapis.com\/api\/v6\/#WebPages.6", "name": "NJDEP-Employment
        Opportunities", "url": "https:\/\/www.nj.gov\/dep\/jobs\/", "urlPingSuffix":
        "DevEx,5135.1", "about": [{"name": "New Jersey Department of Environmental
        Protection"}], "displayUrl": "https:\/\/www.nj.gov\/dep\/jobs", "snippet":
        "Government Jobs can also be found on the Civil Service Commission Home
        Page. New Jersey Residency Requirements All employees of State and local government
        must reside in the State of New Jersey, unless exempted under the law.", "dateLastCrawled":
        "2018-11-13T21:28:00.0000000Z"}, {"id": "https:\/\/www.bingapis.com\/api\/v6\/#WebPages.7",
        "name": "2020 Census Jobs", "url": "https:\/\/2020census.gov\/jobs", "urlPingSuffix":
        "DevEx,5148.1", "displayUrl": "https:\/\/2020census.gov\/jobs", "snippet":
        "We are hiring for a variety of temporary jobs, including census takers,
        recruiting assistants, office staff, and supervisory staff. To be eligible,
        you must be at least 18 years old, have a valid Social Security number, and
        be a U.S. citizen.", "dateLastCrawled": "2018-11-09T15:00:00.0000000Z"}, {"id":
        "https:\/\/www.bingapis.com\/api\/v6\/#WebPages.8", "name": "Jobs - Federal
        Aviation Administration", "url": "https:\/\/www.faa.gov\/jobs\/", "urlPingSuffix":
        "DevEx,5161.1", "about": [{"name": "Federal Aviation Administration"}], "displayUrl":
        "https:\/\/www.faa.gov\/jobs", "snippet": "Take control of your career.
        The FAA has many opportunities for you to contribute to our safe and efficient
        skies. Below is a sample of possible career fields:", "dateLastCrawled": "2018-11-16T09:32:00.0000000Z"},
        {"id": "https:\/\/www.bingapis.com\/api\/v6\/#WebPages.9", "name": "myCase
        - Home", "url": "https:\/\/jobs.utah.gov\/mycase\/", "urlPingSuffix": "DevEx,5175.1",
        "displayUrl": "https:\/\/jobs.utah.gov\/mycase", "snippet": "jobs main
        content Starting November 1, 2018 through December 15, 2018 ... Do I log into
        myCase with the same ID\/password information that I use when I log in for
        Unemployment or to search for employment? Yes. Use your UtahID information
        to login. Will myCase share information with Google, Yahoo, Facebook or
        any other sites?", "dateLastCrawled": "2018-11-12T16:18:00.0000000Z"}, {"id":
        "https:\/\/www.bingapis.com\/api\/v6\/#WebPages.10", "name": "Job Search
        Results", "url": "https:\/\/jobs.ca.gov\/CalHRPublic\/Search\/JobSearchResults.aspx",
        "urlPingSuffix": "DevEx,5188.1", "displayUrl": "https:\/\/jobs.ca.gov\/CalHRPublic\/Search\/JobSearchResults.aspx",
        "snippet": "System Updates - CalCareers: CalCareers will be offline for maintenance
        on Tuesday, November 13th, 2018 between 4:30PM - 9:30PM. The Office Technician
        exam will be offline from 3:30PM - 9:30PM. Thank you for your cooperation.",
        "dateLastCrawled": "2018-11-15T12:41:00.0000000Z"}, {"id": "https:\/\/www.bingapis.com\/api\/v6\/#WebPages.11",
        "name": "CalCareers", "url": "https:\/\/jobs.ca.gov\/", "urlPingSuffix": "DevEx,5202.1",
        "about": [{"name": "JobsMoGov"}], "displayUrl": "https:\/\/jobs.ca.gov",
        "snippet": "The State of California offers a wide variety of careers and
        jobs, ranging from accounting to zoology. The services our employees provide
        are truly essential to the people of California. In public service, you
        will spend every day doing work that is vital to your state and your community.",
        "dateLastCrawled": "2018-11-16T07:14:00.0000000Z"}, {"id": "https:\/\/www.bingapis.com\/api\/v6\/#WebPages.12",
        "name": "Careers.ohio.gov", "url": "http:\/\/careers.ohio.gov\/", "urlPingSuffix":
        "DevEx,5215.1", "about": [{"name": "Ohio"}], "displayUrl": "careers.ohio.gov",
        "snippet": "The State of Ohio transitioned to a new applicant tracking system
        to post jobs and receive applications. Job seekers will continue to have
        access to view their existing profile\/account at governmentjobs.com. This
        includes application status information and any correspondences sent concerning
        applications submitted prior to April 6, 2018.", "dateLastCrawled": "2018-11-15T04:43:00.0000000Z"},
        {"id": "https:\/\/www.bingapis.com\/api\/v6\/#WebPages.13", "name": "Careers
        | US EPA", "url": "https:\/\/www.epa.gov\/careers", "urlPingSuffix": "DevEx,5226.1",
        "displayUrl": "https:\/\/www.epa.gov\/careers", "snippet": "Find out more
        information on the special hiring authority for Individuals with disabilities,
        Schedule A, as well as all EPA jobs currently open. Attorneys at EPA work
        on cutting-edge legal issues. Learn more about our legal offices and law career
        opportunities , and about opportunities for law school grads .", "dateLastCrawled":
        "2018-11-05T14:19:00.0000000Z"}, {"id": "https:\/\/www.bingapis.com\/api\/v6\/#WebPages.14",
        "name": "Find a Federal Government Job | USAGov", "url": "https:\/\/www.usa.gov\/government-jobs",
        "urlPingSuffix": "DevEx,5242.1", "displayUrl": "https:\/\/www.usa.gov\/government-jobs",
        "snippet": "The federal government has job opportunities available now in
        agencies throughout the U.S. If you’re interested in a job with the federal
        government, visit USAJOBS.gov, the official one-stop source for federal jobs
        and employment information. There, you can: You must create a USAJOBS profile
        to ...", "dateLastCrawled": "2018-11-14T13:30:00.0000000Z"}, {"id": "https:\/\/www.bingapis.com\/api\/v6\/#WebPages.15",
        "name": "Jobs | Communications & Public Information | City of ...", "url":
        "https:\/\/www.alexandriava.gov\/Jobs", "urlPingSuffix": "DevEx,5256.1", "about":
        [{"name": "Alexandria"}], "displayUrl": "https:\/\/www.alexandriava.gov\/Jobs",
        "snippet": "Jobs Alexandria offers wide range of job opportunities and services.
        Work for City government or City Public Schools, find out about an internship
        opportunity or learn about workforce development and career training options.",
        "dateLastCrawled": "2018-11-12T15:30:00.0000000Z"}, {"id": "https:\/\/www.bingapis.com\/api\/v6\/#WebPages.16",
        "name": "FBIJOBS", "url": "https:\/\/www.fbijobs.gov\/", "urlPingSuffix":
        "DevEx,5270.1", "about": [{"name": "Federal Bureau of Investigation"}, {"name":
        "Federal Bureau of Investigation"}], "displayUrl": "https:\/\/www.fbijobs.gov",
        "snippet": "FBIJOBS.GOV is an official site of the U.S. Government, U.S.
        Department of Justice FBI is a partner with the U.S. Intelligence Community
        Federal Bureau of Investigation.", "dateLastCrawled": "2018-11-16T13:55:00.0000000Z"},
        {"id": "https:\/\/www.bingapis.com\/api\/v6\/#WebPages.17", "name": "Jobs
        & Careers at TPWD - Texas Parks & Wildlife Department", "url": "https:\/\/tpwd.texas.gov\/jobs\/",
        "urlPingSuffix": "DevEx,5284.1", "about": [{"name": "Texas Parks and Wildlife
        Department"}], "displayUrl": "https:\/\/tpwd.texas.gov\/jobs", "snippet":
        "Veteran Hiring at TPWD. Texas state law requires agencies to give veterans,
        surviving spouses of veterans, and orphans of veterans preference in the selection
        process when candidates are similarly qualified.", "dateLastCrawled": "2018-11-11T09:39:00.0000000Z"},
        {"id": "https:\/\/www.bingapis.com\/api\/v6\/#WebPages.18", "name": "Jobs
        Express: Job Openings in New York State - New York ...", "url": "https:\/\/labor.ny.gov\/jobs\/regional.shtm",
        "urlPingSuffix": "DevEx,5300.1", "displayUrl": "https:\/\/labor.ny.gov\/jobs\/regional.shtm",
        "snippet": "Jobs Express: Job Openings in New York State. Below are current
        job openings in New York''s 10 regional economies. New Yorkers can view the
        region they live in, see which industries are growing and find out what jobs
        are available in that economic sector.", "dateLastCrawled": "2018-11-16T09:34:00.0000000Z"},
        {"id": "https:\/\/www.bingapis.com\/api\/v6\/#WebPages.19", "name": "USAJobs",
        "url": "https:\/\/login.usajobs.gov\/", "urlPingSuffix": "DevEx,5312.1", "about":
        [{"name": "USAJOBS"}], "displayUrl": "https:\/\/login.usajobs.gov", "snippet":
        "USAJobs", "dateLastCrawled": "2018-11-15T18:29:00.0000000Z"}]}, "rankingResponse":
        {"mainline": {"items": [{"answerType": "WebPages", "resultIndex": 0, "value":
        {"id": "https:\/\/www.bingapis.com\/api\/v6\/#WebPages.0"}}, {"answerType":
        "WebPages", "resultIndex": 1, "value": {"id": "https:\/\/www.bingapis.com\/api\/v6\/#WebPages.1"}},
        {"answerType": "WebPages", "resultIndex": 2, "value": {"id": "https:\/\/www.bingapis.com\/api\/v6\/#WebPages.2"}},
        {"answerType": "WebPages", "resultIndex": 3, "value": {"id": "https:\/\/www.bingapis.com\/api\/v6\/#WebPages.3"}},
        {"answerType": "WebPages", "resultIndex": 4, "value": {"id": "https:\/\/www.bingapis.com\/api\/v6\/#WebPages.4"}},
        {"answerType": "WebPages", "resultIndex": 5, "value": {"id": "https:\/\/www.bingapis.com\/api\/v6\/#WebPages.5"}},
        {"answerType": "WebPages", "resultIndex": 6, "value": {"id": "https:\/\/www.bingapis.com\/api\/v6\/#WebPages.6"}},
        {"answerType": "WebPages", "resultIndex": 7, "value": {"id": "https:\/\/www.bingapis.com\/api\/v6\/#WebPages.7"}},
        {"answerType": "WebPages", "resultIndex": 8, "value": {"id": "https:\/\/www.bingapis.com\/api\/v6\/#WebPages.8"}},
        {"answerType": "WebPages", "resultIndex": 9, "value": {"id": "https:\/\/www.bingapis.com\/api\/v6\/#WebPages.9"}},
        {"answerType": "WebPages", "resultIndex": 10, "value": {"id": "https:\/\/www.bingapis.com\/api\/v6\/#WebPages.10"}},
        {"answerType": "WebPages", "resultIndex": 11, "value": {"id": "https:\/\/www.bingapis.com\/api\/v6\/#WebPages.11"}},
        {"answerType": "WebPages", "resultIndex": 12, "value": {"id": "https:\/\/www.bingapis.com\/api\/v6\/#WebPages.12"}},
        {"answerType": "WebPages", "resultIndex": 13, "value": {"id": "https:\/\/www.bingapis.com\/api\/v6\/#WebPages.13"}},
        {"answerType": "WebPages", "resultIndex": 14, "value": {"id": "https:\/\/www.bingapis.com\/api\/v6\/#WebPages.14"}},
        {"answerType": "WebPages", "resultIndex": 15, "value": {"id": "https:\/\/www.bingapis.com\/api\/v6\/#WebPages.15"}},
        {"answerType": "WebPages", "resultIndex": 16, "value": {"id": "https:\/\/www.bingapis.com\/api\/v6\/#WebPages.16"}},
        {"answerType": "WebPages", "resultIndex": 17, "value": {"id": "https:\/\/www.bingapis.com\/api\/v6\/#WebPages.17"}},
        {"answerType": "WebPages", "resultIndex": 18, "value": {"id": "https:\/\/www.bingapis.com\/api\/v6\/#WebPages.18"}},
        {"answerType": "WebPages", "resultIndex": 19, "value": {"id": "https:\/\/www.bingapis.com\/api\/v6\/#WebPages.19"}}]}}}'
    http_version: 
  recorded_at: Mon, 19 Nov 2018 22:40:50 GMT
recorded_with: VCR 4.0.0
