---
http_interactions:
- request:
    method: get
    uri: https://www.bingapis.com/api/v6/search?AppId=<BING_V6_APP_ID>&count=20&mkt=en-US&offset=0&q=hippopotomonstrosesquippedaliophobia%20(site:nih.gov)&responseFilter=WebPages,SpellSuggestions&safeSearch=moderate&textDecorations=true&traffictype=test
    body:
      encoding: US-ASCII
      string: ''
    headers:
      User-Agent:
      - USASearch
      Ocp-Apim-Subscription-Key:
      - "<BING_V6_APP_ID>"
      Accept-Encoding:
      - gzip;q=1.0,deflate;q=0.6,identity;q=0.3
      Accept:
      - "*/*"
      Connection:
      - keep-alive
      Keep-Alive:
      - '30'
  response:
    status:
      code: 200
      message: OK
    headers:
      Cache-Control:
      - private, max-age=0
      Content-Length:
      - '591'
      Content-Type:
      - application/json; charset=utf-8
      Expires:
      - Thu, 22 Feb 2018 07:15:26 GMT
      Vary:
      - Accept-Encoding
      P3p:
      - CP="NON UNI COM NAV STA LOC CURa DEVa PSAa PSDa OUR IND"
      Set-Cookie:
      - MUID=0470A7B6939C60160CF1AC2892796199; path=/; expires=Tue, 19-Mar-2019 07:16:26
        GMT; domain=bingapis.com
      - MUIDB=0470A7B6939C60160CF1AC2892796199; path=/; httponly; expires=Tue, 19-Mar-2019
        07:16:26 GMT
      - SRCHD=AF=NOFORM; domain=.bingapis.com; expires=Sat, 22-Feb-2020 07:16:26 GMT;
        path=/
      - SRCHUID=V=2&GUID=3177799E12784E09A77F247D26238B5C&dmnchg=1; domain=.bingapis.com;
        expires=Sat, 22-Feb-2020 07:16:26 GMT; path=/
      - SRCHUSR=DOB=20180222; domain=.bingapis.com; expires=Sat, 22-Feb-2020 07:16:26
        GMT; path=/
      - _EDGE_S=mkt=en-us&F=1&SID=1E4373EC79AB6BE312C77872784E6AB1; path=/; httponly;
        domain=bingapis.com
      - _EDGE_V=1; path=/; httponly; expires=Tue, 19-Mar-2019 07:16:26 GMT; domain=bingapis.com
      - _SS=SID=1E4373EC79AB6BE312C77872784E6AB1; domain=.bingapis.com; path=/
      Bingapis-Traceid:
      - 8D4169DAED8C4F8DAD27B0A54054860B
      X-Msedge-Clientid:
      - 0470A7B6939C60160CF1AC2892796199
      X-Msapi-Userstate:
      - 7ed2
      Bingapis-Market:
      - en-US
      X-Msedge-Ref:
      - 'Ref A: 8D4169DAED8C4F8DAD27B0A54054860B Ref B: SG2EDGE0109 Ref C: 2018-02-22T07:16:26Z'
      Date:
      - Thu, 22 Feb 2018 07:16:26 GMT
    body:
      encoding: UTF-8
      string: '{"_type": "SearchResponse", "instrumentation": {"pingUrlBase": "https:\/\/www.bingapis.com\/api\/ping?IG=239C3882F07244BFB3B206144A27E6C8&CID=0470A7B6939C60160CF1AC2892796199&ID=",
        "pageLoadPingUrl": "https:\/\/www.bingapis.com\/api\/ping\/pageload?IG=239C3882F07244BFB3B206144A27E6C8&CID=0470A7B6939C60160CF1AC2892796199&Type=Event.CPT&DATA=0"},
        "webPages": {"webSearchUrl": "https:\/\/www.bing.com\/search?q=hippopotomonstrosesquippedaliophobia+(site%3anih.gov)",
        "webSearchUrlPingSuffix": "DevEx,5133.1", "totalEstimatedMatches": 1, "value":
        [{"id": "https:\/\/www.bingapis.com\/api\/v6\/#WebPages.0", "name": "PubMed
        - National Center for Biotechnology Information", "url": "https:\/\/www.ncbi.nlm.nih.gov\/pubmed\/17551351",
        "urlPingSuffix": "DevEx,5058.1", "displayUrl": "https:\/\/www.ncbi.nlm.nih.gov\/pubmed\/17551351",
        "snippet": "Moved Permanently. The document has moved here.", "dateLastCrawled":
        "2017-02-24T12:26:00.0000000Z"}]}, "rankingResponse": {"mainline": {"items":
        [{"answerType": "WebPages", "resultIndex": 0, "value": {"id": "https:\/\/www.bingapis.com\/api\/v6\/#WebPages.0"}}]}}}'
    http_version: 
  recorded_at: Thu, 22 Feb 2018 07:16:26 GMT
- request:
    method: get
    uri: https://www.bingapis.com/api/v6/search?AppId=<BING_V6_APP_ID>&count=20&mkt=en-US&offset=0&q=hippopotomonstrosesquippedaliophobia%20(site:nih.gov)&responseFilter=WebPages,SpellSuggestions&safeSearch=moderate&textDecorations=true&traffictype=test
    body:
      encoding: US-ASCII
      string: ''
    headers:
      User-Agent:
      - USASearch
      Ocp-Apim-Subscription-Key:
      - "<BING_V6_APP_ID>"
      Accept-Encoding:
      - gzip;q=1.0,deflate;q=0.6,identity;q=0.3
      Accept:
      - "*/*"
      Connection:
      - keep-alive
      Keep-Alive:
      - '30'
  response:
    status:
      code: 200
      message: OK
    headers:
      Cache-Control:
      - private, max-age=0
      Content-Length:
      - '591'
      Content-Type:
      - application/json; charset=utf-8
      Expires:
      - Thu, 22 Feb 2018 07:15:27 GMT
      Vary:
      - Accept-Encoding
      P3p:
      - CP="NON UNI COM NAV STA LOC CURa DEVa PSAa PSDa OUR IND"
      Set-Cookie:
      - MUID=3C525250B01E624223D759CEB1FB6394; path=/; expires=Tue, 19-Mar-2019 07:16:27
        GMT; domain=bingapis.com
      - MUIDB=3C525250B01E624223D759CEB1FB6394; path=/; httponly; expires=Tue, 19-Mar-2019
        07:16:27 GMT
      - SRCHD=AF=NOFORM; domain=.bingapis.com; expires=Sat, 22-Feb-2020 07:16:27 GMT;
        path=/
      - SRCHUID=V=2&GUID=E063DABAA316420F8D1E964947B7B906&dmnchg=1; domain=.bingapis.com;
        expires=Sat, 22-Feb-2020 07:16:27 GMT; path=/
      - SRCHUSR=DOB=20180222; domain=.bingapis.com; expires=Sat, 22-Feb-2020 07:16:27
        GMT; path=/
      - _EDGE_S=mkt=en-us&F=1&SID=0B02BFBB40B06B540B4FB42541556A47; path=/; httponly;
        domain=bingapis.com
      - _EDGE_V=1; path=/; httponly; expires=Tue, 19-Mar-2019 07:16:27 GMT; domain=bingapis.com
      - _SS=SID=0B02BFBB40B06B540B4FB42541556A47; domain=.bingapis.com; path=/
      Bingapis-Traceid:
      - 1DA49514083E4011A488B68156A6B266
      X-Msedge-Clientid:
      - 3C525250B01E624223D759CEB1FB6394
      X-Msapi-Userstate:
      - 3f98
      Bingapis-Market:
      - en-US
      X-Msedge-Ref:
      - 'Ref A: 1DA49514083E4011A488B68156A6B266 Ref B: SG2EDGE0915 Ref C: 2018-02-22T07:16:27Z'
      Date:
      - Thu, 22 Feb 2018 07:16:27 GMT
    body:
      encoding: UTF-8
      string: '{"_type": "SearchResponse", "instrumentation": {"pingUrlBase": "https:\/\/www.bingapis.com\/api\/ping?IG=670B76B2D0384E11B99EB847764706A8&CID=3C525250B01E624223D759CEB1FB6394&ID=",
        "pageLoadPingUrl": "https:\/\/www.bingapis.com\/api\/ping\/pageload?IG=670B76B2D0384E11B99EB847764706A8&CID=3C525250B01E624223D759CEB1FB6394&Type=Event.CPT&DATA=0"},
        "webPages": {"webSearchUrl": "https:\/\/www.bing.com\/search?q=hippopotomonstrosesquippedaliophobia+(site%3anih.gov)",
        "webSearchUrlPingSuffix": "DevEx,5133.1", "totalEstimatedMatches": 1, "value":
        [{"id": "https:\/\/www.bingapis.com\/api\/v6\/#WebPages.0", "name": "PubMed
        - National Center for Biotechnology Information", "url": "https:\/\/www.ncbi.nlm.nih.gov\/pubmed\/17551351",
        "urlPingSuffix": "DevEx,5058.1", "displayUrl": "https:\/\/www.ncbi.nlm.nih.gov\/pubmed\/17551351",
        "snippet": "Moved Permanently. The document has moved here.", "dateLastCrawled":
        "2017-02-24T12:26:00.0000000Z"}]}, "rankingResponse": {"mainline": {"items":
        [{"answerType": "WebPages", "resultIndex": 0, "value": {"id": "https:\/\/www.bingapis.com\/api\/v6\/#WebPages.0"}}]}}}'
    http_version: 
  recorded_at: Thu, 22 Feb 2018 07:16:27 GMT
- request:
    method: get
    uri: https://www.bingapis.com/api/v6/search?AppId=<BING_V6_APP_ID>&count=20&mkt=en-US&offset=0&q=hippopotomonstrosesquippedaliophobia%20(site:nih.gov)&responseFilter=WebPages,SpellSuggestions&safeSearch=moderate&textDecorations=true&traffictype=test
    body:
      encoding: US-ASCII
      string: ''
    headers:
      User-Agent:
      - USASearch
      Ocp-Apim-Subscription-Key:
      - "<BING_V6_APP_ID>"
      Accept-Encoding:
      - gzip;q=1.0,deflate;q=0.6,identity;q=0.3
      Accept:
      - "*/*"
      Connection:
      - keep-alive
      Keep-Alive:
      - '30'
  response:
    status:
      code: 200
      message: OK
    headers:
      Cache-Control:
      - private, max-age=0
      Content-Length:
      - '588'
      Content-Type:
      - application/json; charset=utf-8
      Expires:
      - Thu, 22 Feb 2018 07:15:28 GMT
      Vary:
      - Accept-Encoding
      P3p:
      - CP="NON UNI COM NAV STA LOC CURa DEVa PSAa PSDa OUR IND"
      Set-Cookie:
      - MUID=2AAC7AD2F8B76CEC256D714CF9526D65; path=/; expires=Tue, 19-Mar-2019 07:16:29
        GMT; domain=bingapis.com
      - MUIDB=2AAC7AD2F8B76CEC256D714CF9526D65; path=/; httponly; expires=Tue, 19-Mar-2019
        07:16:29 GMT
      - SRCHD=AF=NOFORM; domain=.bingapis.com; expires=Sat, 22-Feb-2020 07:16:28 GMT;
        path=/
      - SRCHUID=V=2&GUID=49095FAFE8DD49F08727EB8B9DAC9600&dmnchg=1; domain=.bingapis.com;
        expires=Sat, 22-Feb-2020 07:16:28 GMT; path=/
      - SRCHUSR=DOB=20180222; domain=.bingapis.com; expires=Sat, 22-Feb-2020 07:16:28
        GMT; path=/
      - _EDGE_S=mkt=en-us&F=1&SID=0BEC9B966D4163DA36C090086CA462D6; path=/; httponly;
        domain=bingapis.com
      - _EDGE_V=1; path=/; httponly; expires=Tue, 19-Mar-2019 07:16:29 GMT; domain=bingapis.com
      - _SS=SID=0BEC9B966D4163DA36C090086CA462D6; domain=.bingapis.com; path=/
      Bingapis-Traceid:
      - E76B0DDA3F014EAE923457CAAA283A9F
      X-Msedge-Clientid:
      - 2AAC7AD2F8B76CEC256D714CF9526D65
      X-Msapi-Userstate:
      - fa9c
      Bingapis-Market:
      - en-US
      X-Msedge-Ref:
      - 'Ref A: E76B0DDA3F014EAE923457CAAA283A9F Ref B: SG2EDGE0919 Ref C: 2018-02-22T07:16:29Z'
      Date:
      - Thu, 22 Feb 2018 07:16:28 GMT
    body:
      encoding: UTF-8
      string: '{"_type": "SearchResponse", "instrumentation": {"pingUrlBase": "https:\/\/www.bingapis.com\/api\/ping?IG=67D2D76DB52F4057B4FC5C6BFE513B2E&CID=2AAC7AD2F8B76CEC256D714CF9526D65&ID=",
        "pageLoadPingUrl": "https:\/\/www.bingapis.com\/api\/ping\/pageload?IG=67D2D76DB52F4057B4FC5C6BFE513B2E&CID=2AAC7AD2F8B76CEC256D714CF9526D65&Type=Event.CPT&DATA=0"},
        "webPages": {"webSearchUrl": "https:\/\/www.bing.com\/search?q=hippopotomonstrosesquippedaliophobia+(site%3anih.gov)",
        "webSearchUrlPingSuffix": "DevEx,5133.1", "totalEstimatedMatches": 1, "value":
        [{"id": "https:\/\/www.bingapis.com\/api\/v6\/#WebPages.0", "name": "PubMed
        - National Center for Biotechnology Information", "url": "https:\/\/www.ncbi.nlm.nih.gov\/pubmed\/17551351",
        "urlPingSuffix": "DevEx,5058.1", "displayUrl": "https:\/\/www.ncbi.nlm.nih.gov\/pubmed\/17551351",
        "snippet": "Moved Permanently. The document has moved here.", "dateLastCrawled":
        "2017-02-24T12:26:00.0000000Z"}]}, "rankingResponse": {"mainline": {"items":
        [{"answerType": "WebPages", "resultIndex": 0, "value": {"id": "https:\/\/www.bingapis.com\/api\/v6\/#WebPages.0"}}]}}}'
    http_version: 
  recorded_at: Thu, 22 Feb 2018 07:16:29 GMT
- request:
    method: get
    uri: https://www.bingapis.com/api/v6/search?AppId=<BING_V6_APP_ID>&count=20&mkt=en-US&offset=0&q=hippopotomonstrosesquippedaliophobia%20(site:nih.gov)&responseFilter=WebPages&safeSearch=moderate&textDecorations=true&traffictype=test
    body:
      encoding: US-ASCII
      string: ''
    headers:
      User-Agent:
      - USASearch
      Accept-Encoding:
      - gzip;q=1.0,deflate;q=0.6,identity;q=0.3
      Accept:
      - "*/*"
      Connection:
      - keep-alive
      Keep-Alive:
      - '30'
  response:
    status:
      code: 200
      message: OK
    headers:
      Cache-Control:
      - private, max-age=0
      Content-Length:
      - '241'
      Content-Type:
      - application/json; charset=utf-8
      Expires:
      - Mon, 19 Nov 2018 22:39:11 GMT
      Vary:
      - Accept-Encoding
      P3p:
      - CP="NON UNI COM NAV STA LOC CURa DEVa PSAa PSDa OUR IND"
      Set-Cookie:
      - MUID=12A5F257520C6F9A042AFEFB53DB6E07; path=/; expires=Sat, 14-Dec-2019 22:40:11
        GMT; domain=bingapis.com
      - MUIDB=12A5F257520C6F9A042AFEFB53DB6E07; path=/; httponly; expires=Sat, 14-Dec-2019
        22:40:11 GMT
      - SRCHD=AF=NOFORM; domain=.bingapis.com; expires=Thu, 19-Nov-2020 22:40:11 GMT;
        path=/
      - SRCHUID=V=2&GUID=E39B87B0EB334E57BBD224B9314ABE6B&dmnchg=1; domain=.bingapis.com;
        expires=Thu, 19-Nov-2020 22:40:11 GMT; path=/
      - SRCHUSR=DOB=20181119; domain=.bingapis.com; expires=Thu, 19-Nov-2020 22:40:11
        GMT; path=/
      - _EDGE_S=mkt=en-us&F=1&SID=12675F57E6AC63DB0D6253FBE77B626F; path=/; httponly;
        domain=bingapis.com
      - _EDGE_V=1; path=/; httponly; expires=Sat, 14-Dec-2019 22:40:11 GMT; domain=bingapis.com
      - _SS=SID=12675F57E6AC63DB0D6253FBE77B626F; domain=.bingapis.com; path=/
      Bingapis-Traceid:
      - 2683DFEF2A3F4E35B3FC074F66E04598
      X-Msedge-Clientid:
      - 12A5F257520C6F9A042AFEFB53DB6E07
      X-Msapi-Userstate:
      - 71bd
      Bingapis-Market:
      - en-US
      X-Msedge-Ref:
      - 'Ref A: 2683DFEF2A3F4E35B3FC074F66E04598 Ref B: CO1EDGE0519 Ref C: 2018-11-19T22:40:11Z'
      Date:
      - Mon, 19 Nov 2018 22:40:11 GMT
    body:
      encoding: UTF-8
      string: '{"_type": "SearchResponse", "instrumentation": {"pingUrlBase": "https:\/\/www.bingapis.com\/api\/ping?IG=E93DAD0FB6A74EB6A2A2091A502DAE3B&CID=12A5F257520C6F9A042AFEFB53DB6E07&ID=",
        "pageLoadPingUrl": "https:\/\/www.bingapis.com\/api\/ping\/pageload?IG=E93DAD0FB6A74EB6A2A2091A502DAE3B&CID=12A5F257520C6F9A042AFEFB53DB6E07&Type=Event.CPT&DATA=0"},
        "rankingResponse": {}}'
    http_version: 
  recorded_at: Mon, 19 Nov 2018 22:40:11 GMT
- request:
    method: get
    uri: https://www.bingapis.com/api/v6/search?AppId=<BING_V6_APP_ID>&count=20&mkt=en-US&offset=0&q=hippopotomonstrosesquippedaliophobia%20(site:nih.gov)&responseFilter=WebPages&safeSearch=moderate&textDecorations=true&traffictype=test
    body:
      encoding: US-ASCII
      string: ''
    headers:
      User-Agent:
      - USASearch
      Accept-Encoding:
      - gzip;q=1.0,deflate;q=0.6,identity;q=0.3
      Accept:
      - "*/*"
      Connection:
      - keep-alive
      Keep-Alive:
      - '30'
  response:
    status:
      code: 200
      message: OK
    headers:
      Cache-Control:
      - private, max-age=0
      Content-Length:
      - '243'
      Content-Type:
      - application/json; charset=utf-8
      Expires:
      - Mon, 19 Nov 2018 22:39:12 GMT
      Vary:
      - Accept-Encoding
      P3p:
      - CP="NON UNI COM NAV STA LOC CURa DEVa PSAa PSDa OUR IND"
      Set-Cookie:
      - MUID=09E84E85793A684502CE422978ED69A3; path=/; expires=Sat, 14-Dec-2019 22:40:12
        GMT; domain=bingapis.com
      - MUIDB=09E84E85793A684502CE422978ED69A3; path=/; httponly; expires=Sat, 14-Dec-2019
        22:40:12 GMT
      - SRCHD=AF=NOFORM; domain=.bingapis.com; expires=Thu, 19-Nov-2020 22:40:12 GMT;
        path=/
      - SRCHUID=V=2&GUID=30FBEAAE50AE4C98BBF3A4B857FEC218&dmnchg=1; domain=.bingapis.com;
        expires=Thu, 19-Nov-2020 22:40:12 GMT; path=/
      - SRCHUSR=DOB=20181119; domain=.bingapis.com; expires=Thu, 19-Nov-2020 22:40:12
        GMT; path=/
      - _EDGE_S=mkt=en-us&F=1&SID=1C99CADBA167646F2BA5C677A0B06556; path=/; httponly;
        domain=bingapis.com
      - _EDGE_V=1; path=/; httponly; expires=Sat, 14-Dec-2019 22:40:12 GMT; domain=bingapis.com
      - _SS=SID=1C99CADBA167646F2BA5C677A0B06556; domain=.bingapis.com; path=/
      Bingapis-Traceid:
      - 36800AF6616F4AF8A489464CC3D8A510
      X-Msedge-Clientid:
      - '09E84E85793A684502CE422978ED69A3'
      X-Msapi-Userstate:
      - '4995'
      Bingapis-Market:
      - en-US
      X-Msedge-Ref:
      - 'Ref A: 36800AF6616F4AF8A489464CC3D8A510 Ref B: CO1EDGE0415 Ref C: 2018-11-19T22:40:12Z'
      Date:
      - Mon, 19 Nov 2018 22:40:11 GMT
    body:
      encoding: UTF-8
      string: '{"_type": "SearchResponse", "instrumentation": {"pingUrlBase": "https:\/\/www.bingapis.com\/api\/ping?IG=A99F8AD32A1E4041A4EE0F1E59CF5C4C&CID=09E84E85793A684502CE422978ED69A3&ID=",
        "pageLoadPingUrl": "https:\/\/www.bingapis.com\/api\/ping\/pageload?IG=A99F8AD32A1E4041A4EE0F1E59CF5C4C&CID=09E84E85793A684502CE422978ED69A3&Type=Event.CPT&DATA=0"},
        "rankingResponse": {}}'
    http_version: 
  recorded_at: Mon, 19 Nov 2018 22:40:12 GMT
- request:
    method: get
    uri: https://www.bingapis.com/api/v6/search?AppId=<BING_V6_APP_ID>&count=20&mkt=en-US&offset=0&q=hippopotomonstrosesquippedaliophobia%20(site:nih.gov)&responseFilter=WebPages&safeSearch=moderate&textDecorations=true&traffictype=test
    body:
      encoding: US-ASCII
      string: ''
    headers:
      User-Agent:
      - USASearch
      Accept-Encoding:
      - gzip;q=1.0,deflate;q=0.6,identity;q=0.3
      Accept:
      - "*/*"
      Connection:
      - keep-alive
      Keep-Alive:
      - '30'
  response:
    status:
      code: 200
      message: OK
    headers:
      Cache-Control:
      - private, max-age=0
      Content-Length:
      - '242'
      Content-Type:
      - application/json; charset=utf-8
      Expires:
      - Mon, 19 Nov 2018 22:39:14 GMT
      Vary:
      - Accept-Encoding
      P3p:
      - CP="NON UNI COM NAV STA LOC CURa DEVa PSAa PSDa OUR IND"
      Set-Cookie:
      - MUID=38C8117AC10B6ECF34BA1DD6C0DC6F6C; path=/; expires=Sat, 14-Dec-2019 22:40:14
        GMT; domain=bingapis.com
      - MUIDB=38C8117AC10B6ECF34BA1DD6C0DC6F6C; path=/; httponly; expires=Sat, 14-Dec-2019
        22:40:14 GMT
      - SRCHD=AF=NOFORM; domain=.bingapis.com; expires=Thu, 19-Nov-2020 22:40:14 GMT;
        path=/
      - SRCHUID=V=2&GUID=BD16000F2F694277AA93C562B1E55515&dmnchg=1; domain=.bingapis.com;
        expires=Thu, 19-Nov-2020 22:40:14 GMT; path=/
      - SRCHUSR=DOB=20181119; domain=.bingapis.com; expires=Thu, 19-Nov-2020 22:40:14
        GMT; path=/
      - _EDGE_S=mkt=en-us&F=1&SID=22D2509ACE6A6FFF16A75C36CFBD6E41; path=/; httponly;
        domain=bingapis.com
      - _EDGE_V=1; path=/; httponly; expires=Sat, 14-Dec-2019 22:40:14 GMT; domain=bingapis.com
      - _SS=SID=22D2509ACE6A6FFF16A75C36CFBD6E41; domain=.bingapis.com; path=/
      Bingapis-Traceid:
      - DFC68BA418A24017AD50ADE31F563C16
      X-Msedge-Clientid:
      - 38C8117AC10B6ECF34BA1DD6C0DC6F6C
      X-Msapi-Userstate:
      - a726
      Bingapis-Market:
      - en-US
      X-Msedge-Ref:
      - 'Ref A: DFC68BA418A24017AD50ADE31F563C16 Ref B: CO1EDGE0508 Ref C: 2018-11-19T22:40:14Z'
      Date:
      - Mon, 19 Nov 2018 22:40:14 GMT
    body:
      encoding: UTF-8
      string: '{"_type": "SearchResponse", "instrumentation": {"pingUrlBase": "https:\/\/www.bingapis.com\/api\/ping?IG=49DA94C40D474875A4DB66C547E09F48&CID=38C8117AC10B6ECF34BA1DD6C0DC6F6C&ID=",
        "pageLoadPingUrl": "https:\/\/www.bingapis.com\/api\/ping\/pageload?IG=49DA94C40D474875A4DB66C547E09F48&CID=38C8117AC10B6ECF34BA1DD6C0DC6F6C&Type=Event.CPT&DATA=0"},
        "rankingResponse": {}}'
    http_version: 
  recorded_at: Mon, 19 Nov 2018 22:40:14 GMT
recorded_with: VCR 4.0.0
